=== RUN   TestPerfHTTPActiveHistoryMatrix
=== RUN   TestPerfHTTPActiveHistoryMatrix/history_20000/clients_20
    perfdiag_test.go:279: PERF_REQUEST {"history":20000,"clients":20,"client":0,"repetition":0,"latency_ms":275.169213,"status":200}
    perfdiag_test.go:279: PERF_REQUEST {"history":20000,"clients":20,"client":0,"repetition":1,"latency_ms":362.557435,"status":200}
    perfdiag_test.go:279: PERF_REQUEST {"history":20000,"clients":20,"client":1,"repetition":0,"latency_ms":247.893149,"status":200}
    perfdiag_test.go:279: PERF_REQUEST {"history":20000,"clients":20,"client":1,"repetition":1,"latency_ms":369.800639,"status":200}
    perfdiag_test.go:279: PERF_REQUEST {"history":20000,"clients":20,"client":2,"repetition":0,"latency_ms":383.71083,"status":200}
    perfdiag_test.go:279: PERF_REQUEST {"history":20000,"clients":20,"client":2,"repetition":1,"latency_ms":363.836485,"status":200}
    perfdiag_test.go:279: PERF_REQUEST {"history":20000,"clients":20,"client":3,"repetition":0,"latency_ms":212.974916,"status":200}
    perfdiag_test.go:279: PERF_REQUEST {"history":20000,"clients":20,"client":3,"repetition":1,"latency_ms":371.938674,"status":200}
    perfdiag_test.go:279: PERF_REQUEST {"history":20000,"clients":20,"client":4,"repetition":0,"latency_ms":230.27471,"status":200}
    perfdiag_test.go:279: PERF_REQUEST {"history":20000,"clients":20,"client":4,"repetition":1,"latency_ms":371.126035,"status":200}
    perfdiag_test.go:279: PERF_REQUEST {"history":20000,"clients":20,"client":5,"repetition":0,"latency_ms":194.46486,"status":200}
    perfdiag_test.go:279: PERF_REQUEST {"history":20000,"clients":20,"client":5,"repetition":1,"latency_ms":368.662903,"status":200}
    perfdiag_test.go:279: PERF_REQUEST {"history":20000,"clients":20,"client":6,"repetition":0,"latency_ms":17.972421,"status":200}
    perfdiag_test.go:279: PERF_REQUEST {"history":20000,"clients":20,"client":6,"repetition":1,"latency_ms":385.501786,"status":200}
    perfdiag_test.go:279: PERF_REQUEST {"history":20000,"clients":20,"client":7,"repetition":0,"latency_ms":309.503456,"status":200}
    perfdiag_test.go:279: PERF_REQUEST {"history":20000,"clients":20,"client":7,"repetition":1,"latency_ms":361.893454,"status":200}
    perfdiag_test.go:279: PERF_REQUEST {"history":20000,"clients":20,"client":8,"repetition":0,"latency_ms":328.789851,"status":200}
    perfdiag_test.go:279: PERF_REQUEST {"history":20000,"clients":20,"client":8,"repetition":1,"latency_ms":362.499598,"status":200}
    perfdiag_test.go:279: PERF_REQUEST {"history":20000,"clients":20,"client":9,"repetition":0,"latency_ms":292.671125,"status":200}
    perfdiag_test.go:279: PERF_REQUEST {"history":20000,"clients":20,"client":9,"repetition":1,"latency_ms":361.951704,"status":200}
    perfdiag_test.go:279: PERF_REQUEST {"history":20000,"clients":20,"client":10,"repetition":0,"latency_ms":362.953004,"status":200}
    perfdiag_test.go:279: PERF_REQUEST {"history":20000,"clients":20,"client":10,"repetition":1,"latency_ms":360.616489,"status":200}
    perfdiag_test.go:279: PERF_REQUEST {"history":20000,"clients":20,"client":11,"repetition":0,"latency_ms":346.335876,"status":200}
    perfdiag_test.go:279: PERF_REQUEST {"history":20000,"clients":20,"client":11,"repetition":1,"latency_ms":362.033136,"status":200}
    perfdiag_test.go:279: PERF_REQUEST {"history":20000,"clients":20,"client":12,"repetition":0,"latency_ms":177.613435,"status":200}
    perfdiag_test.go:279: PERF_REQUEST {"history":20000,"clients":20,"client":12,"repetition":1,"latency_ms":365.37507,"status":200}
    perfdiag_test.go:279: PERF_REQUEST {"history":20000,"clients":20,"client":13,"repetition":0,"latency_ms":73.437876,"status":200}
    perfdiag_test.go:279: PERF_REQUEST {"history":20000,"clients":20,"client":13,"repetition":1,"latency_ms":346.406458,"status":200}
    perfdiag_test.go:279: PERF_REQUEST {"history":20000,"clients":20,"client":14,"repetition":0,"latency_ms":35.495301,"status":200}
    perfdiag_test.go:279: PERF_REQUEST {"history":20000,"clients":20,"client":14,"repetition":1,"latency_ms":20.828578,"status":200}
    perfdiag_test.go:279: PERF_REQUEST {"history":20000,"clients":20,"client":15,"repetition":0,"latency_ms":89.648185,"status":200}
    perfdiag_test.go:279: PERF_REQUEST {"history":20000,"clients":20,"client":15,"repetition":1,"latency_ms":346.378847,"status":200}
    perfdiag_test.go:279: PERF_REQUEST {"history":20000,"clients":20,"client":16,"repetition":0,"latency_ms":107.932247,"status":200}
    perfdiag_test.go:279: PERF_REQUEST {"history":20000,"clients":20,"client":16,"repetition":1,"latency_ms":348.035181,"status":200}
    perfdiag_test.go:279: PERF_REQUEST {"history":20000,"clients":20,"client":17,"repetition":0,"latency_ms":124.983808,"status":200}
    perfdiag_test.go:279: PERF_REQUEST {"history":20000,"clients":20,"client":17,"repetition":1,"latency_ms":354.830558,"status":200}
    perfdiag_test.go:279: PERF_REQUEST {"history":20000,"clients":20,"client":18,"repetition":0,"latency_ms":141.560471,"status":200}
    perfdiag_test.go:279: PERF_REQUEST {"history":20000,"clients":20,"client":18,"repetition":1,"latency_ms":356.927926,"status":200}
    perfdiag_test.go:279: PERF_REQUEST {"history":20000,"clients":20,"client":19,"repetition":0,"latency_ms":160.024369,"status":200}
    perfdiag_test.go:279: PERF_REQUEST {"history":20000,"clients":20,"client":19,"repetition":1,"latency_ms":361.124037,"status":200}
    perfdiag_test.go:291: PERF_PERSIST {"clients":20,"history":20000,"persist_index":0,"save_ms":17.858348,"snapshot_bytes":3280274,"wchar_delta":3280274,"write_bytes_delta":3280896}
    perfdiag_test.go:291: PERF_PERSIST {"clients":20,"history":20000,"persist_index":1,"save_ms":17.452389,"snapshot_bytes":3281621,"wchar_delta":3281621,"write_bytes_delta":3284992}
    perfdiag_test.go:291: PERF_PERSIST {"clients":20,"history":20000,"persist_index":2,"save_ms":20.751814,"snapshot_bytes":3281676,"wchar_delta":3281676,"write_bytes_delta":3284992}
    perfdiag_test.go:291: PERF_PERSIST {"clients":20,"history":20000,"persist_index":3,"save_ms":17.011616,"snapshot_bytes":3281676,"wchar_delta":3281676,"write_bytes_delta":3284992}
    perfdiag_test.go:291: PERF_PERSIST {"clients":20,"history":20000,"persist_index":4,"save_ms":16.248049,"snapshot_bytes":3281676,"wchar_delta":3281676,"write_bytes_delta":3284992}
    perfdiag_test.go:291: PERF_PERSIST {"clients":20,"history":20000,"persist_index":5,"save_ms":18.261691,"snapshot_bytes":3281731,"wchar_delta":3281739,"write_bytes_delta":3284992}
    perfdiag_test.go:291: PERF_PERSIST {"clients":20,"history":20000,"persist_index":6,"save_ms":17.029228,"snapshot_bytes":3281786,"wchar_delta":3281786,"write_bytes_delta":3284992}
    perfdiag_test.go:291: PERF_PERSIST {"clients":20,"history":20000,"persist_index":7,"save_ms":16.496833,"snapshot_bytes":3281841,"wchar_delta":3281841,"write_bytes_delta":3284992}
    perfdiag_test.go:291: PERF_PERSIST {"clients":20,"history":20000,"persist_index":8,"save_ms":18.510837,"snapshot_bytes":3281896,"wchar_delta":3281896,"write_bytes_delta":3284992}
    perfdiag_test.go:291: PERF_PERSIST {"clients":20,"history":20000,"persist_index":9,"save_ms":17.567193,"snapshot_bytes":3281951,"wchar_delta":3281951,"write_bytes_delta":3284992}
    perfdiag_test.go:291: PERF_PERSIST {"clients":20,"history":20000,"persist_index":10,"save_ms":16.834354,"snapshot_bytes":3282006,"wchar_delta":3282006,"write_bytes_delta":3284992}
    perfdiag_test.go:291: PERF_PERSIST {"clients":20,"history":20000,"persist_index":11,"save_ms":18.480961,"snapshot_bytes":3282061,"wchar_delta":3282061,"write_bytes_delta":3284992}
    perfdiag_test.go:291: PERF_PERSIST {"clients":20,"history":20000,"persist_index":12,"save_ms":17.27636,"snapshot_bytes":3282116,"wchar_delta":3282116,"write_bytes_delta":3284992}
    perfdiag_test.go:291: PERF_PERSIST {"clients":20,"history":20000,"persist_index":13,"save_ms":17.528221,"snapshot_bytes":3282171,"wchar_delta":3282171,"write_bytes_delta":3284992}
    perfdiag_test.go:291: PERF_PERSIST {"clients":20,"history":20000,"persist_index":14,"save_ms":27.330186,"snapshot_bytes":3282226,"wchar_delta":3282226,"write_bytes_delta":3284992}
    perfdiag_test.go:291: PERF_PERSIST {"clients":20,"history":20000,"persist_index":15,"save_ms":17.480391,"snapshot_bytes":3282281,"wchar_delta":3282281,"write_bytes_delta":3284992}
    perfdiag_test.go:291: PERF_PERSIST {"clients":20,"history":20000,"persist_index":16,"save_ms":16.740609,"snapshot_bytes":3282336,"wchar_delta":3282336,"write_bytes_delta":3284992}
    perfdiag_test.go:291: PERF_PERSIST {"clients":20,"history":20000,"persist_index":17,"save_ms":19.333313,"snapshot_bytes":3282391,"wchar_delta":3282391,"write_bytes_delta":3284992}
    perfdiag_test.go:291: PERF_PERSIST {"clients":20,"history":20000,"persist_index":18,"save_ms":17.508965,"snapshot_bytes":3282446,"wchar_delta":3282446,"write_bytes_delta":3284992}
    perfdiag_test.go:291: PERF_PERSIST {"clients":20,"history":20000,"persist_index":19,"save_ms":16.592403,"snapshot_bytes":3282501,"wchar_delta":3282501,"write_bytes_delta":3284992}
    perfdiag_test.go:291: PERF_PERSIST {"clients":20,"history":20000,"persist_index":20,"save_ms":20.723932,"snapshot_bytes":3282556,"wchar_delta":3282556,"write_bytes_delta":3284992}
    perfdiag_test.go:291: PERF_PERSIST {"clients":20,"history":20000,"persist_index":21,"save_ms":19.497881,"snapshot_bytes":3282611,"wchar_delta":3282611,"write_bytes_delta":3284992}
    perfdiag_test.go:291: PERF_PERSIST {"clients":20,"history":20000,"persist_index":22,"save_ms":16.620535,"snapshot_bytes":3282666,"wchar_delta":3282666,"write_bytes_delta":3284992}
    perfdiag_test.go:291: PERF_PERSIST {"clients":20,"history":20000,"persist_index":23,"save_ms":18.251803,"snapshot_bytes":3282666,"wchar_delta":3282666,"write_bytes_delta":3284992}
    perfdiag_test.go:291: PERF_PERSIST {"clients":20,"history":20000,"persist_index":24,"save_ms":17.86541,"snapshot_bytes":3282666,"wchar_delta":3282666,"write_bytes_delta":3284992}
    perfdiag_test.go:291: PERF_PERSIST {"clients":20,"history":20000,"persist_index":25,"save_ms":23.973634,"snapshot_bytes":3282666,"wchar_delta":3282666,"write_bytes_delta":3284992}
    perfdiag_test.go:291: PERF_PERSIST {"clients":20,"history":20000,"persist_index":26,"save_ms":21.078425,"snapshot_bytes":3282666,"wchar_delta":3282666,"write_bytes_delta":3284992}
    perfdiag_test.go:291: PERF_PERSIST {"clients":20,"history":20000,"persist_index":27,"save_ms":20.031278,"snapshot_bytes":3282666,"wchar_delta":3282666,"write_bytes_delta":3284992}
    perfdiag_test.go:291: PERF_PERSIST {"clients":20,"history":20000,"persist_index":28,"save_ms":21.848783,"snapshot_bytes":3282666,"wchar_delta":3282666,"write_bytes_delta":3284992}
    perfdiag_test.go:291: PERF_PERSIST {"clients":20,"history":20000,"persist_index":29,"save_ms":22.037948,"snapshot_bytes":3282666,"wchar_delta":3282666,"write_bytes_delta":3284992}
    perfdiag_test.go:291: PERF_PERSIST {"clients":20,"history":20000,"persist_index":30,"save_ms":19.820544,"snapshot_bytes":3282666,"wchar_delta":3282666,"write_bytes_delta":3284992}
    perfdiag_test.go:291: PERF_PERSIST {"clients":20,"history":20000,"persist_index":31,"save_ms":16.459844,"snapshot_bytes":3282666,"wchar_delta":3282666,"write_bytes_delta":3284992}
    perfdiag_test.go:291: PERF_PERSIST {"clients":20,"history":20000,"persist_index":32,"save_ms":18.952152,"snapshot_bytes":3282666,"wchar_delta":3282666,"write_bytes_delta":3284992}
    perfdiag_test.go:291: PERF_PERSIST {"clients":20,"history":20000,"persist_index":33,"save_ms":17.374534,"snapshot_bytes":3282666,"wchar_delta":3282666,"write_bytes_delta":3284992}
    perfdiag_test.go:291: PERF_PERSIST {"clients":20,"history":20000,"persist_index":34,"save_ms":16.921928,"snapshot_bytes":3282666,"wchar_delta":3282666,"write_bytes_delta":3284992}
    perfdiag_test.go:291: PERF_PERSIST {"clients":20,"history":20000,"persist_index":35,"save_ms":19.279463,"snapshot_bytes":3282666,"wchar_delta":3282666,"write_bytes_delta":3284992}
    perfdiag_test.go:291: PERF_PERSIST {"clients":20,"history":20000,"persist_index":36,"save_ms":17.243608,"snapshot_bytes":3282666,"wchar_delta":3282666,"write_bytes_delta":3284992}
    perfdiag_test.go:291: PERF_PERSIST {"clients":20,"history":20000,"persist_index":37,"save_ms":17.097416,"snapshot_bytes":3282666,"wchar_delta":3282666,"write_bytes_delta":3284992}
    perfdiag_test.go:291: PERF_PERSIST {"clients":20,"history":20000,"persist_index":38,"save_ms":19.626341,"snapshot_bytes":3282666,"wchar_delta":3282666,"write_bytes_delta":3284992}
    perfdiag_test.go:291: PERF_PERSIST {"clients":20,"history":20000,"persist_index":39,"save_ms":19.469519,"snapshot_bytes":3282666,"wchar_delta":3282666,"write_bytes_delta":3284992}
    perfdiag_test.go:291: PERF_IO_SUMMARY {"bytes_per_persist":3282295.45,"clients":20,"elapsed_seconds":0.748182562,"emitted_to_net_file_growth_ratio":50111.38091603053,"final_file_bytes":3282666,"history":20000,"initial_file_bytes":3280046,"net_file_growth_bytes":2620,"persist_calls":40,"persist_per_request":1,"persist_per_second":53.46288731065079,"proc_io_available":true,"ratio_denominator":"net snapshot file growth, not logical mutation bytes","snapshot_emitted_bytes":131291818,"wchar_delta":131291826,"write_bytes_delta":131395584,"write_bytes_per_second":175619682.51272875}
    perfdiag_test.go:292: PERF_SUMMARY {"audit_count":20040,"clients":20,"elapsed_seconds":0.748182562,"failures":0,"goroutines_after":3,"goroutines_before":23,"goroutines_delta":-20,"heap_after_bytes":9036352,"heap_before_bytes":6452032,"heap_delta_bytes":2584320,"history":20000,"max_ms":385.501786,"numgc_delta":27,"p50_ms":346.378847,"p95_ms":371.938674,"p99_ms":385.501786,"pause_delta_ns":893227,"polls":2,"rate_requests_per_second":53.46288731065079,"requests":40,"snapshot_bytes":3282666,"successes":40,"totalalloc_delta_bytes":199929776}
    perfdiag_test.go:307: frozen handler latency budget exceeded: p95_ms=371.939 limit=200 p99_ms=385.502 limit=500
--- FAIL: TestPerfHTTPActiveHistoryMatrix (0.84s)
    --- FAIL: TestPerfHTTPActiveHistoryMatrix/history_20000/clients_20 (0.84s)
=== RUN   TestPerfHTTPActiveHistoryMatrix
=== RUN   TestPerfHTTPActiveHistoryMatrix/history_20000/clients_20
    perfdiag_test.go:279: PERF_REQUEST {"history":20000,"clients":20,"client":0,"repetition":0,"latency_ms":200.157608,"status":200}
    perfdiag_test.go:279: PERF_REQUEST {"history":20000,"clients":20,"client":0,"repetition":1,"latency_ms":484.557678,"status":200}
    perfdiag_test.go:279: PERF_REQUEST {"history":20000,"clients":20,"client":1,"repetition":0,"latency_ms":163.908256,"status":200}
    perfdiag_test.go:279: PERF_REQUEST {"history":20000,"clients":20,"client":1,"repetition":1,"latency_ms":459.046822,"status":200}
    perfdiag_test.go:279: PERF_REQUEST {"history":20000,"clients":20,"client":2,"repetition":0,"latency_ms":182.619909,"status":200}
    perfdiag_test.go:279: PERF_REQUEST {"history":20000,"clients":20,"client":2,"repetition":1,"latency_ms":472.644338,"status":200}
    perfdiag_test.go:279: PERF_REQUEST {"history":20000,"clients":20,"client":3,"repetition":0,"latency_ms":93.661003,"status":200}
    perfdiag_test.go:279: PERF_REQUEST {"history":20000,"clients":20,"client":3,"repetition":1,"latency_ms":431.315768,"status":200}
    perfdiag_test.go:279: PERF_REQUEST {"history":20000,"clients":20,"client":4,"repetition":0,"latency_ms":146.821681,"status":200}
    perfdiag_test.go:279: PERF_REQUEST {"history":20000,"clients":20,"client":4,"repetition":1,"latency_ms":457.847972,"status":200}
    perfdiag_test.go:279: PERF_REQUEST {"history":20000,"clients":20,"client":5,"repetition":0,"latency_ms":21.005818,"status":200}
    perfdiag_test.go:279: PERF_REQUEST {"history":20000,"clients":20,"client":5,"repetition":1,"latency_ms":454.846705,"status":200}
    perfdiag_test.go:279: PERF_REQUEST {"history":20000,"clients":20,"client":6,"repetition":0,"latency_ms":110.381554,"status":200}
    perfdiag_test.go:279: PERF_REQUEST {"history":20000,"clients":20,"client":6,"repetition":1,"latency_ms":432.326958,"status":200}
    perfdiag_test.go:279: PERF_REQUEST {"history":20000,"clients":20,"client":7,"repetition":0,"latency_ms":39.748468,"status":200}
    perfdiag_test.go:279: PERF_REQUEST {"history":20000,"clients":20,"client":7,"repetition":1,"latency_ms":16.520108,"status":200}
    perfdiag_test.go:279: PERF_REQUEST {"history":20000,"clients":20,"client":8,"repetition":0,"latency_ms":217.720663,"status":200}
    perfdiag_test.go:279: PERF_REQUEST {"history":20000,"clients":20,"client":8,"repetition":1,"latency_ms":485.918532,"status":200}
    perfdiag_test.go:279: PERF_REQUEST {"history":20000,"clients":20,"client":9,"repetition":0,"latency_ms":236.684327,"status":200}
    perfdiag_test.go:279: PERF_REQUEST {"history":20000,"clients":20,"client":9,"repetition":1,"latency_ms":499.028586,"status":200}
    perfdiag_test.go:279: PERF_REQUEST {"history":20000,"clients":20,"client":10,"repetition":0,"latency_ms":256.291041,"status":200}
    perfdiag_test.go:279: PERF_REQUEST {"history":20000,"clients":20,"client":10,"repetition":1,"latency_ms":499.943105,"status":200}
    perfdiag_test.go:279: PERF_REQUEST {"history":20000,"clients":20,"client":11,"repetition":0,"latency_ms":129.081685,"status":200}
    perfdiag_test.go:279: PERF_REQUEST {"history":20000,"clients":20,"client":11,"repetition":1,"latency_ms":446.569689,"status":200}
    perfdiag_test.go:279: PERF_REQUEST {"history":20000,"clients":20,"client":12,"repetition":0,"latency_ms":306.357137,"status":200}
    perfdiag_test.go:279: PERF_REQUEST {"history":20000,"clients":20,"client":12,"repetition":1,"latency_ms":509.413431,"status":200}
    perfdiag_test.go:279: PERF_REQUEST {"history":20000,"clients":20,"client":13,"repetition":0,"latency_ms":337.274215,"status":200}
    perfdiag_test.go:279: PERF_REQUEST {"history":20000,"clients":20,"client":13,"repetition":1,"latency_ms":498.063434,"status":200}
    perfdiag_test.go:279: PERF_REQUEST {"history":20000,"clients":20,"client":14,"repetition":0,"latency_ms":366.020747,"status":200}
    perfdiag_test.go:279: PERF_REQUEST {"history":20000,"clients":20,"client":14,"repetition":1,"latency_ms":497.937559,"status":200}
    perfdiag_test.go:279: PERF_REQUEST {"history":20000,"clients":20,"client":15,"repetition":0,"latency_ms":386.176336,"status":200}
    perfdiag_test.go:279: PERF_REQUEST {"history":20000,"clients":20,"client":15,"repetition":1,"latency_ms":509.936808,"status":200}
    perfdiag_test.go:279: PERF_REQUEST {"history":20000,"clients":20,"client":16,"repetition":0,"latency_ms":416.168525,"status":200}
    perfdiag_test.go:279: PERF_REQUEST {"history":20000,"clients":20,"client":16,"repetition":1,"latency_ms":499.181592,"status":200}
    perfdiag_test.go:279: PERF_REQUEST {"history":20000,"clients":20,"client":17,"repetition":0,"latency_ms":445.649109,"status":200}
    perfdiag_test.go:279: PERF_REQUEST {"history":20000,"clients":20,"client":17,"repetition":1,"latency_ms":496.945264,"status":200}
    perfdiag_test.go:279: PERF_REQUEST {"history":20000,"clients":20,"client":18,"repetition":0,"latency_ms":76.294253,"status":200}
    perfdiag_test.go:279: PERF_REQUEST {"history":20000,"clients":20,"client":18,"repetition":1,"latency_ms":419.604296,"status":200}
    perfdiag_test.go:279: PERF_REQUEST {"history":20000,"clients":20,"client":19,"repetition":0,"latency_ms":285.823842,"status":200}
    perfdiag_test.go:279: PERF_REQUEST {"history":20000,"clients":20,"client":19,"repetition":1,"latency_ms":497.565974,"status":200}
    perfdiag_test.go:291: PERF_PERSIST {"clients":20,"history":20000,"persist_index":0,"save_ms":20.876077,"snapshot_bytes":3280198,"wchar_delta":3280198,"write_bytes_delta":3280896}
    perfdiag_test.go:291: PERF_PERSIST {"clients":20,"history":20000,"persist_index":1,"save_ms":18.700391,"snapshot_bytes":3281566,"wchar_delta":3281566,"write_bytes_delta":3284992}
    perfdiag_test.go:291: PERF_PERSIST {"clients":20,"history":20000,"persist_index":2,"save_ms":16.402888,"snapshot_bytes":3281676,"wchar_delta":3281676,"write_bytes_delta":3284992}
    perfdiag_test.go:291: PERF_PERSIST {"clients":20,"history":20000,"persist_index":3,"save_ms":20.42351,"snapshot_bytes":3281676,"wchar_delta":3281676,"write_bytes_delta":3284992}
    perfdiag_test.go:291: PERF_PERSIST {"clients":20,"history":20000,"persist_index":4,"save_ms":17.381116,"snapshot_bytes":3281676,"wchar_delta":3281676,"write_bytes_delta":3284992}
    perfdiag_test.go:291: PERF_PERSIST {"clients":20,"history":20000,"persist_index":5,"save_ms":16.735149,"snapshot_bytes":3281731,"wchar_delta":3281731,"write_bytes_delta":3284992}
    perfdiag_test.go:291: PERF_PERSIST {"clients":20,"history":20000,"persist_index":6,"save_ms":18.698598,"snapshot_bytes":3281786,"wchar_delta":3281786,"write_bytes_delta":3284992}
    perfdiag_test.go:291: PERF_PERSIST {"clients":20,"history":20000,"persist_index":7,"save_ms":17.73633,"snapshot_bytes":3281841,"wchar_delta":3281841,"write_bytes_delta":3284992}
    perfdiag_test.go:291: PERF_PERSIST {"clients":20,"history":20000,"persist_index":8,"save_ms":17.123274,"snapshot_bytes":3281896,"wchar_delta":3281896,"write_bytes_delta":3284992}
    perfdiag_test.go:291: PERF_PERSIST {"clients":20,"history":20000,"persist_index":9,"save_ms":18.707254,"snapshot_bytes":3281951,"wchar_delta":3281951,"write_bytes_delta":3284992}
    perfdiag_test.go:291: PERF_PERSIST {"clients":20,"history":20000,"persist_index":10,"save_ms":17.542748,"snapshot_bytes":3282006,"wchar_delta":3282006,"write_bytes_delta":3284992}
    perfdiag_test.go:291: PERF_PERSIST {"clients":20,"history":20000,"persist_index":11,"save_ms":16.878798,"snapshot_bytes":3282061,"wchar_delta":3282061,"write_bytes_delta":3284992}
    perfdiag_test.go:291: PERF_PERSIST {"clients":20,"history":20000,"persist_index":12,"save_ms":18.94606,"snapshot_bytes":3282116,"wchar_delta":3282116,"write_bytes_delta":3284992}
    perfdiag_test.go:291: PERF_PERSIST {"clients":20,"history":20000,"persist_index":13,"save_ms":19.602917,"snapshot_bytes":3282171,"wchar_delta":3282171,"write_bytes_delta":3284992}
    perfdiag_test.go:291: PERF_PERSIST {"clients":20,"history":20000,"persist_index":14,"save_ms":29.449686,"snapshot_bytes":3282226,"wchar_delta":3282226,"write_bytes_delta":3284992}
    perfdiag_test.go:291: PERF_PERSIST {"clients":20,"history":20000,"persist_index":15,"save_ms":20.627672,"snapshot_bytes":3282281,"wchar_delta":3282281,"write_bytes_delta":3284992}
    perfdiag_test.go:291: PERF_PERSIST {"clients":20,"history":20000,"persist_index":16,"save_ms":30.922667,"snapshot_bytes":3282336,"wchar_delta":3282336,"write_bytes_delta":3284992}
    perfdiag_test.go:291: PERF_PERSIST {"clients":20,"history":20000,"persist_index":17,"save_ms":28.733768,"snapshot_bytes":3282391,"wchar_delta":3282391,"write_bytes_delta":3284992}
    perfdiag_test.go:291: PERF_PERSIST {"clients":20,"history":20000,"persist_index":18,"save_ms":20.13993,"snapshot_bytes":3282446,"wchar_delta":3282446,"write_bytes_delta":3284992}
    perfdiag_test.go:291: PERF_PERSIST {"clients":20,"history":20000,"persist_index":19,"save_ms":29.969887,"snapshot_bytes":3282501,"wchar_delta":3282501,"write_bytes_delta":3284992}
    perfdiag_test.go:291: PERF_PERSIST {"clients":20,"history":20000,"persist_index":20,"save_ms":29.497015,"snapshot_bytes":3282556,"wchar_delta":3282556,"write_bytes_delta":3284992}
    perfdiag_test.go:291: PERF_PERSIST {"clients":20,"history":20000,"persist_index":21,"save_ms":29.804588,"snapshot_bytes":3282611,"wchar_delta":3282611,"write_bytes_delta":3284992}
    perfdiag_test.go:291: PERF_PERSIST {"clients":20,"history":20000,"persist_index":22,"save_ms":20.746333,"snapshot_bytes":3282666,"wchar_delta":3282666,"write_bytes_delta":3284992}
    perfdiag_test.go:291: PERF_PERSIST {"clients":20,"history":20000,"persist_index":23,"save_ms":29.186334,"snapshot_bytes":3282666,"wchar_delta":3282666,"write_bytes_delta":3284992}
    perfdiag_test.go:291: PERF_PERSIST {"clients":20,"history":20000,"persist_index":24,"save_ms":20.669671,"snapshot_bytes":3282666,"wchar_delta":3282666,"write_bytes_delta":3284992}
    perfdiag_test.go:291: PERF_PERSIST {"clients":20,"history":20000,"persist_index":25,"save_ms":29.888916,"snapshot_bytes":3282666,"wchar_delta":3282666,"write_bytes_delta":3284992}
    perfdiag_test.go:291: PERF_PERSIST {"clients":20,"history":20000,"persist_index":26,"save_ms":29.541167,"snapshot_bytes":3282666,"wchar_delta":3282666,"write_bytes_delta":3284992}
    perfdiag_test.go:291: PERF_PERSIST {"clients":20,"history":20000,"persist_index":27,"save_ms":20.490776,"snapshot_bytes":3282666,"wchar_delta":3282666,"write_bytes_delta":3284992}
    perfdiag_test.go:291: PERF_PERSIST {"clients":20,"history":20000,"persist_index":28,"save_ms":29.597041,"snapshot_bytes":3282666,"wchar_delta":3282666,"write_bytes_delta":3284992}
    perfdiag_test.go:291: PERF_PERSIST {"clients":20,"history":20000,"persist_index":29,"save_ms":29.630654,"snapshot_bytes":3282666,"wchar_delta":3282666,"write_bytes_delta":3284992}
    perfdiag_test.go:291: PERF_PERSIST {"clients":20,"history":20000,"persist_index":30,"save_ms":20.49816,"snapshot_bytes":3282666,"wchar_delta":3282666,"write_bytes_delta":3284992}
    perfdiag_test.go:291: PERF_PERSIST {"clients":20,"history":20000,"persist_index":31,"save_ms":29.629081,"snapshot_bytes":3282666,"wchar_delta":3282666,"write_bytes_delta":3284992}
    perfdiag_test.go:291: PERF_PERSIST {"clients":20,"history":20000,"persist_index":32,"save_ms":20.795706,"snapshot_bytes":3282666,"wchar_delta":3282666,"write_bytes_delta":3284992}
    perfdiag_test.go:291: PERF_PERSIST {"clients":20,"history":20000,"persist_index":33,"save_ms":29.423486,"snapshot_bytes":3282666,"wchar_delta":3282666,"write_bytes_delta":3284992}
    perfdiag_test.go:291: PERF_PERSIST {"clients":20,"history":20000,"persist_index":34,"save_ms":29.828985,"snapshot_bytes":3282666,"wchar_delta":3282666,"write_bytes_delta":3284992}
    perfdiag_test.go:291: PERF_PERSIST {"clients":20,"history":20000,"persist_index":35,"save_ms":20.102661,"snapshot_bytes":3282666,"wchar_delta":3282666,"write_bytes_delta":3284992}
    perfdiag_test.go:291: PERF_PERSIST {"clients":20,"history":20000,"persist_index":36,"save_ms":30.005794,"snapshot_bytes":3282666,"wchar_delta":3282666,"write_bytes_delta":3284992}
    perfdiag_test.go:291: PERF_PERSIST {"clients":20,"history":20000,"persist_index":37,"save_ms":30.246083,"snapshot_bytes":3282666,"wchar_delta":3282666,"write_bytes_delta":3284992}
    perfdiag_test.go:291: PERF_PERSIST {"clients":20,"history":20000,"persist_index":38,"save_ms":19.513531,"snapshot_bytes":3282666,"wchar_delta":3282666,"write_bytes_delta":3284992}
    perfdiag_test.go:291: PERF_PERSIST {"clients":20,"history":20000,"persist_index":39,"save_ms":29.659999,"snapshot_bytes":3282666,"wchar_delta":3282666,"write_bytes_delta":3284992}
    perfdiag_test.go:291: PERF_IO_SUMMARY {"bytes_per_persist":3282292.175,"clients":20,"elapsed_seconds":0.946039,"emitted_to_net_file_growth_ratio":50111.330916030536,"final_file_bytes":3282666,"history":20000,"initial_file_bytes":3280046,"net_file_growth_bytes":2620,"persist_calls":40,"persist_per_request":1,"persist_per_second":42.28155498874782,"proc_io_available":true,"ratio_denominator":"net snapshot file growth, not logical mutation bytes","snapshot_emitted_bytes":131291687,"wchar_delta":131291687,"write_bytes_delta":131395584,"write_bytes_per_second":138890240.25436583}
    perfdiag_test.go:292: PERF_SUMMARY {"audit_count":20040,"clients":20,"elapsed_seconds":0.946039,"failures":0,"goroutines_after":3,"goroutines_before":23,"goroutines_delta":-20,"heap_after_bytes":10900552,"heap_before_bytes":7429432,"heap_delta_bytes":3471120,"history":20000,"max_ms":509.936808,"numgc_delta":27,"p50_ms":416.168525,"p95_ms":499.943105,"p99_ms":509.936808,"pause_delta_ns":702119,"polls":2,"rate_requests_per_second":42.28155498874782,"requests":40,"snapshot_bytes":3282666,"successes":40,"totalalloc_delta_bytes":200058696}
    perfdiag_test.go:307: frozen handler latency budget exceeded: p95_ms=499.943 limit=200 p99_ms=509.937 limit=500
--- FAIL: TestPerfHTTPActiveHistoryMatrix (1.04s)
    --- FAIL: TestPerfHTTPActiveHistoryMatrix/history_20000/clients_20 (1.04s)
=== RUN   TestPerfHTTPActiveHistoryMatrix
=== RUN   TestPerfHTTPActiveHistoryMatrix/history_20000/clients_20
    perfdiag_test.go:279: PERF_REQUEST {"history":20000,"clients":20,"client":0,"repetition":0,"latency_ms":457.733088,"status":200}
    perfdiag_test.go:279: PERF_REQUEST {"history":20000,"clients":20,"client":0,"repetition":1,"latency_ms":491.481284,"status":200}
    perfdiag_test.go:279: PERF_REQUEST {"history":20000,"clients":20,"client":1,"repetition":0,"latency_ms":428.252824,"status":200}
    perfdiag_test.go:279: PERF_REQUEST {"history":20000,"clients":20,"client":1,"repetition":1,"latency_ms":497.727296,"status":200}
    perfdiag_test.go:279: PERF_REQUEST {"history":20000,"clients":20,"client":2,"repetition":0,"latency_ms":377.825824,"status":200}
    perfdiag_test.go:279: PERF_REQUEST {"history":20000,"clients":20,"client":2,"repetition":1,"latency_ms":490.451981,"status":200}
    perfdiag_test.go:279: PERF_REQUEST {"history":20000,"clients":20,"client":3,"repetition":0,"latency_ms":398.453466,"status":200}
    perfdiag_test.go:279: PERF_REQUEST {"history":20000,"clients":20,"client":3,"repetition":1,"latency_ms":499.592511,"status":200}
    perfdiag_test.go:279: PERF_REQUEST {"history":20000,"clients":20,"client":4,"repetition":0,"latency_ms":17.382038,"status":200}
    perfdiag_test.go:279: PERF_REQUEST {"history":20000,"clients":20,"client":4,"repetition":1,"latency_ms":17.37788,"status":200}
    perfdiag_test.go:279: PERF_REQUEST {"history":20000,"clients":20,"client":5,"repetition":0,"latency_ms":348.543561,"status":200}
    perfdiag_test.go:279: PERF_REQUEST {"history":20000,"clients":20,"client":5,"repetition":1,"latency_ms":497.584048,"status":200}
    perfdiag_test.go:279: PERF_REQUEST {"history":20000,"clients":20,"client":6,"repetition":0,"latency_ms":327.773353,"status":200}
    perfdiag_test.go:279: PERF_REQUEST {"history":20000,"clients":20,"client":6,"repetition":1,"latency_ms":490.340834,"status":200}
    perfdiag_test.go:279: PERF_REQUEST {"history":20000,"clients":20,"client":7,"repetition":0,"latency_ms":298.266239,"status":200}
    perfdiag_test.go:279: PERF_REQUEST {"history":20000,"clients":20,"client":7,"repetition":1,"latency_ms":499.176082,"status":200}
    perfdiag_test.go:279: PERF_REQUEST {"history":20000,"clients":20,"client":8,"repetition":0,"latency_ms":268.454237,"status":200}
    perfdiag_test.go:279: PERF_REQUEST {"history":20000,"clients":20,"client":8,"repetition":1,"latency_ms":495.065462,"status":200}
    perfdiag_test.go:279: PERF_REQUEST {"history":20000,"clients":20,"client":9,"repetition":0,"latency_ms":248.169736,"status":200}
    perfdiag_test.go:279: PERF_REQUEST {"history":20000,"clients":20,"client":9,"repetition":1,"latency_ms":492.069203,"status":200}
    perfdiag_test.go:279: PERF_REQUEST {"history":20000,"clients":20,"client":10,"repetition":0,"latency_ms":218.642345,"status":200}
    perfdiag_test.go:279: PERF_REQUEST {"history":20000,"clients":20,"client":10,"repetition":1,"latency_ms":499.407845,"status":200}
    perfdiag_test.go:279: PERF_REQUEST {"history":20000,"clients":20,"client":11,"repetition":0,"latency_ms":196.563511,"status":200}
    perfdiag_test.go:279: PERF_REQUEST {"history":20000,"clients":20,"client":11,"repetition":1,"latency_ms":488.507558,"status":200}
    perfdiag_test.go:279: PERF_REQUEST {"history":20000,"clients":20,"client":12,"repetition":0,"latency_ms":179.945682,"status":200}
    perfdiag_test.go:279: PERF_REQUEST {"history":20000,"clients":20,"client":12,"repetition":1,"latency_ms":478.555434,"status":200}
    perfdiag_test.go:279: PERF_REQUEST {"history":20000,"clients":20,"client":13,"repetition":0,"latency_ms":55.229535,"status":200}
    perfdiag_test.go:279: PERF_REQUEST {"history":20000,"clients":20,"client":13,"repetition":1,"latency_ms":423.142686,"status":200}
    perfdiag_test.go:279: PERF_REQUEST {"history":20000,"clients":20,"client":14,"repetition":0,"latency_ms":143.19261,"status":200}
    perfdiag_test.go:279: PERF_REQUEST {"history":20000,"clients":20,"client":14,"repetition":1,"latency_ms":462.351547,"status":200}
    perfdiag_test.go:279: PERF_REQUEST {"history":20000,"clients":20,"client":15,"repetition":0,"latency_ms":162.559126,"status":200}
    perfdiag_test.go:279: PERF_REQUEST {"history":20000,"clients":20,"client":15,"repetition":1,"latency_ms":475.385841,"status":200}
    perfdiag_test.go:279: PERF_REQUEST {"history":20000,"clients":20,"client":16,"repetition":0,"latency_ms":125.984968,"status":200}
    perfdiag_test.go:279: PERF_REQUEST {"history":20000,"clients":20,"client":16,"repetition":1,"latency_ms":461.969072,"status":200}
    perfdiag_test.go:279: PERF_REQUEST {"history":20000,"clients":20,"client":17,"repetition":0,"latency_ms":108.449083,"status":200}
    perfdiag_test.go:279: PERF_REQUEST {"history":20000,"clients":20,"client":17,"repetition":1,"latency_ms":450.025817,"status":200}
    perfdiag_test.go:279: PERF_REQUEST {"history":20000,"clients":20,"client":18,"repetition":0,"latency_ms":89.615493,"status":200}
    perfdiag_test.go:279: PERF_REQUEST {"history":20000,"clients":20,"client":18,"repetition":1,"latency_ms":439.508937,"status":200}
    perfdiag_test.go:279: PERF_REQUEST {"history":20000,"clients":20,"client":19,"repetition":0,"latency_ms":72.696862,"status":200}
    perfdiag_test.go:279: PERF_REQUEST {"history":20000,"clients":20,"client":19,"repetition":1,"latency_ms":435.190047,"status":200}
    perfdiag_test.go:291: PERF_PERSIST {"clients":20,"history":20000,"persist_index":0,"save_ms":17.284546,"snapshot_bytes":3280198,"wchar_delta":3280198,"write_bytes_delta":3280896}
    perfdiag_test.go:291: PERF_PERSIST {"clients":20,"history":20000,"persist_index":1,"save_ms":17.248478,"snapshot_bytes":3281621,"wchar_delta":3281621,"write_bytes_delta":3284992}
    perfdiag_test.go:291: PERF_PERSIST {"clients":20,"history":20000,"persist_index":2,"save_ms":20.477702,"snapshot_bytes":3281621,"wchar_delta":3281621,"write_bytes_delta":3284992}
    perfdiag_test.go:291: PERF_PERSIST {"clients":20,"history":20000,"persist_index":3,"save_ms":17.485982,"snapshot_bytes":3281621,"wchar_delta":3281621,"write_bytes_delta":3284992}
    perfdiag_test.go:291: PERF_PERSIST {"clients":20,"history":20000,"persist_index":4,"save_ms":16.902051,"snapshot_bytes":3281676,"wchar_delta":3281676,"write_bytes_delta":3284992}
    perfdiag_test.go:291: PERF_PERSIST {"clients":20,"history":20000,"persist_index":5,"save_ms":18.809996,"snapshot_bytes":3281731,"wchar_delta":3281731,"write_bytes_delta":3284992}
    perfdiag_test.go:291: PERF_PERSIST {"clients":20,"history":20000,"persist_index":6,"save_ms":17.511379,"snapshot_bytes":3281786,"wchar_delta":3281786,"write_bytes_delta":3284992}
    perfdiag_test.go:291: PERF_PERSIST {"clients":20,"history":20000,"persist_index":7,"save_ms":17.194728,"snapshot_bytes":3281841,"wchar_delta":3281841,"write_bytes_delta":3284992}
    perfdiag_test.go:291: PERF_PERSIST {"clients":20,"history":20000,"persist_index":8,"save_ms":19.342421,"snapshot_bytes":3281896,"wchar_delta":3281896,"write_bytes_delta":3284992}
    perfdiag_test.go:291: PERF_PERSIST {"clients":20,"history":20000,"persist_index":9,"save_ms":17.358133,"snapshot_bytes":3281951,"wchar_delta":3281951,"write_bytes_delta":3284992}
    perfdiag_test.go:291: PERF_PERSIST {"clients":20,"history":20000,"persist_index":10,"save_ms":16.599296,"snapshot_bytes":3282006,"wchar_delta":3282006,"write_bytes_delta":3284992}
    perfdiag_test.go:291: PERF_PERSIST {"clients":20,"history":20000,"persist_index":11,"save_ms":22.053967,"snapshot_bytes":3282061,"wchar_delta":3282061,"write_bytes_delta":3284992}
    perfdiag_test.go:291: PERF_PERSIST {"clients":20,"history":20000,"persist_index":12,"save_ms":29.492416,"snapshot_bytes":3282116,"wchar_delta":3282116,"write_bytes_delta":3284992}
    perfdiag_test.go:291: PERF_PERSIST {"clients":20,"history":20000,"persist_index":13,"save_ms":20.282978,"snapshot_bytes":3282171,"wchar_delta":3282171,"write_bytes_delta":3284992}
    perfdiag_test.go:291: PERF_PERSIST {"clients":20,"history":20000,"persist_index":14,"save_ms":29.7939,"snapshot_bytes":3282226,"wchar_delta":3282226,"write_bytes_delta":3284992}
    perfdiag_test.go:291: PERF_PERSIST {"clients":20,"history":20000,"persist_index":15,"save_ms":29.485232,"snapshot_bytes":3282281,"wchar_delta":3282281,"write_bytes_delta":3284992}
    perfdiag_test.go:291: PERF_PERSIST {"clients":20,"history":20000,"persist_index":16,"save_ms":20.748939,"snapshot_bytes":3282336,"wchar_delta":3282336,"write_bytes_delta":3284992}
    perfdiag_test.go:291: PERF_PERSIST {"clients":20,"history":20000,"persist_index":17,"save_ms":29.276542,"snapshot_bytes":3282391,"wchar_delta":3282391,"write_bytes_delta":3284992}
    perfdiag_test.go:291: PERF_PERSIST {"clients":20,"history":20000,"persist_index":18,"save_ms":20.605841,"snapshot_bytes":3282446,"wchar_delta":3282446,"write_bytes_delta":3284992}
    perfdiag_test.go:291: PERF_PERSIST {"clients":20,"history":20000,"persist_index":19,"save_ms":29.790943,"snapshot_bytes":3282501,"wchar_delta":3282501,"write_bytes_delta":3284992}
    perfdiag_test.go:291: PERF_PERSIST {"clients":20,"history":20000,"persist_index":20,"save_ms":29.45227,"snapshot_bytes":3282556,"wchar_delta":3282556,"write_bytes_delta":3284992}
    perfdiag_test.go:291: PERF_PERSIST {"clients":20,"history":20000,"persist_index":21,"save_ms":20.576556,"snapshot_bytes":3282611,"wchar_delta":3282611,"write_bytes_delta":3284992}
    perfdiag_test.go:291: PERF_PERSIST {"clients":20,"history":20000,"persist_index":22,"save_ms":29.509167,"snapshot_bytes":3282666,"wchar_delta":3282666,"write_bytes_delta":3284992}
    perfdiag_test.go:291: PERF_PERSIST {"clients":20,"history":20000,"persist_index":23,"save_ms":23.23314,"snapshot_bytes":3282666,"wchar_delta":3282666,"write_bytes_delta":3284992}
    perfdiag_test.go:291: PERF_PERSIST {"clients":20,"history":20000,"persist_index":24,"save_ms":27.291002,"snapshot_bytes":3282666,"wchar_delta":3282666,"write_bytes_delta":3284992}
    perfdiag_test.go:291: PERF_PERSIST {"clients":20,"history":20000,"persist_index":25,"save_ms":29.294215,"snapshot_bytes":3282666,"wchar_delta":3282666,"write_bytes_delta":3284992}
    perfdiag_test.go:291: PERF_PERSIST {"clients":20,"history":20000,"persist_index":26,"save_ms":20.603137,"snapshot_bytes":3282666,"wchar_delta":3282666,"write_bytes_delta":3284992}
    perfdiag_test.go:291: PERF_PERSIST {"clients":20,"history":20000,"persist_index":27,"save_ms":29.471356,"snapshot_bytes":3282666,"wchar_delta":3282666,"write_bytes_delta":3284992}
    perfdiag_test.go:291: PERF_PERSIST {"clients":20,"history":20000,"persist_index":28,"save_ms":20.686783,"snapshot_bytes":3282666,"wchar_delta":3282666,"write_bytes_delta":3284992}
    perfdiag_test.go:291: PERF_PERSIST {"clients":20,"history":20000,"persist_index":29,"save_ms":30.576982,"snapshot_bytes":3282666,"wchar_delta":3282666,"write_bytes_delta":3284992}
    perfdiag_test.go:291: PERF_PERSIST {"clients":20,"history":20000,"persist_index":30,"save_ms":28.78311,"snapshot_bytes":3282666,"wchar_delta":3282666,"write_bytes_delta":3284992}
    perfdiag_test.go:291: PERF_PERSIST {"clients":20,"history":20000,"persist_index":31,"save_ms":22.222653,"snapshot_bytes":3282666,"wchar_delta":3282666,"write_bytes_delta":3284992}
    perfdiag_test.go:291: PERF_PERSIST {"clients":20,"history":20000,"persist_index":32,"save_ms":27.682955,"snapshot_bytes":3282666,"wchar_delta":3282666,"write_bytes_delta":3284992}
    perfdiag_test.go:291: PERF_PERSIST {"clients":20,"history":20000,"persist_index":33,"save_ms":29.432072,"snapshot_bytes":3282666,"wchar_delta":3282666,"write_bytes_delta":3284992}
    perfdiag_test.go:291: PERF_PERSIST {"clients":20,"history":20000,"persist_index":34,"save_ms":20.703473,"snapshot_bytes":3282666,"wchar_delta":3282666,"write_bytes_delta":3284992}
    perfdiag_test.go:291: PERF_PERSIST {"clients":20,"history":20000,"persist_index":35,"save_ms":29.407988,"snapshot_bytes":3282666,"wchar_delta":3282666,"write_bytes_delta":3284992}
    perfdiag_test.go:291: PERF_PERSIST {"clients":20,"history":20000,"persist_index":36,"save_ms":20.695459,"snapshot_bytes":3282666,"wchar_delta":3282666,"write_bytes_delta":3284992}
    perfdiag_test.go:291: PERF_PERSIST {"clients":20,"history":20000,"persist_index":37,"save_ms":29.715302,"snapshot_bytes":3282666,"wchar_delta":3282666,"write_bytes_delta":3284992}
    perfdiag_test.go:291: PERF_PERSIST {"clients":20,"history":20000,"persist_index":38,"save_ms":29.452431,"snapshot_bytes":3282666,"wchar_delta":3282666,"write_bytes_delta":3284992}
    perfdiag_test.go:291: PERF_PERSIST {"clients":20,"history":20000,"persist_index":39,"save_ms":21.708742,"snapshot_bytes":3282666,"wchar_delta":3282666,"write_bytes_delta":3284992}
    perfdiag_test.go:291: PERF_IO_SUMMARY {"bytes_per_persist":3282290.8,"clients":20,"elapsed_seconds":0.94994591,"emitted_to_net_file_growth_ratio":50111.30992366412,"final_file_bytes":3282666,"history":20000,"initial_file_bytes":3280046,"net_file_growth_bytes":2620,"persist_calls":40,"persist_per_request":1,"persist_per_second":42.10766063511974,"proc_io_available":true,"ratio_denominator":"net snapshot file growth, not logical mutation bytes","snapshot_emitted_bytes":131291632,"wchar_delta":131291632,"write_bytes_delta":131395584,"write_bytes_per_second":138319016.50063425}
    perfdiag_test.go:292: PERF_SUMMARY {"audit_count":20040,"clients":20,"elapsed_seconds":0.94994591,"failures":0,"goroutines_after":3,"goroutines_before":23,"goroutines_delta":-20,"heap_after_bytes":10645376,"heap_before_bytes":6226856,"heap_delta_bytes":4418520,"history":20000,"max_ms":499.592511,"numgc_delta":27,"p50_ms":423.142686,"p95_ms":499.176082,"p99_ms":499.592511,"pause_delta_ns":712634,"polls":2,"rate_requests_per_second":42.10766063511974,"requests":40,"snapshot_bytes":3282666,"successes":40,"totalalloc_delta_bytes":199527776}
    perfdiag_test.go:307: frozen handler latency budget exceeded: p95_ms=499.176 limit=200 p99_ms=499.593 limit=500
--- FAIL: TestPerfHTTPActiveHistoryMatrix (1.04s)
    --- FAIL: TestPerfHTTPActiveHistoryMatrix/history_20000/clients_20 (1.04s)
FAIL
