File: gateway.test
Build ID: c1123911fa57689e580f2eb3eb61630e0e5dd631
Type: cpu
Time: 2026-09-30 15:23:52 CST
Duration: 2.24s, Total samples = 2.57s (114.65%)
Showing nodes accounting for 1.59s, 61.87% of 2.57s total
Dropped 55 nodes (cum <= 0.01s)
Showing top 25 nodes out of 152
      flat  flat%   sum%        cum   cum%
     0.22s  8.56%  8.56%      0.38s 14.79%  encoding/json.checkValid
     0.11s  4.28% 12.84%      0.13s  5.06%  encoding/json.appendString[go.shape.string]
     0.11s  4.28% 17.12%      0.15s  5.84%  runtime.tryDeferToSpanScan
     0.10s  3.89% 21.01%      0.10s  3.89%  encoding/json.stateInString
     0.10s  3.89% 24.90%      0.10s  3.89%  runtime.memmove
     0.09s  3.50% 28.40%      0.10s  3.89%  encoding/json.(*decodeState).rescanLiteral
     0.09s  3.50% 31.91%      0.27s 10.51%  runtime.scanObject
     0.08s  3.11% 35.02%      0.99s 38.52%  encoding/json.(*decodeState).object
     0.08s  3.11% 38.13%      0.08s  3.11%  unicode/utf8.DecodeRune (inline)
     0.07s  2.72% 40.86%      0.10s  3.89%  reflect.(*rtype).Name
     0.06s  2.33% 43.19%      0.14s  5.45%  encoding/json.unquoteBytes
     0.05s  1.95% 45.14%      0.05s  1.95%  runtime.procyieldAsm
     0.04s  1.56% 46.69%      0.05s  1.95%  encoding/json.(*decodeState).scanWhile
     0.04s  1.56% 48.25%      0.05s  1.95%  encoding/json.appendCompact
     0.04s  1.56% 49.81%      0.04s  1.56%  memeqbody
     0.04s  1.56% 51.36%      0.04s  1.56%  runtime.heapArenaOf (inline)
     0.04s  1.56% 52.92%      0.06s  2.33%  runtime.typePointers.next
     0.03s  1.17% 54.09%      0.56s 21.79%  encoding/json.(*decodeState).literalStore
     0.03s  1.17% 55.25%      0.06s  2.33%  fmt.(*fmt).fmtInteger
     0.03s  1.17% 56.42%      0.22s  8.56%  fmt.Sprintf
     0.03s  1.17% 57.59%      0.03s  1.17%  internal/strconv.ParseUint
     0.03s  1.17% 58.75%      0.04s  1.56%  reflect.Value.Elem
     0.03s  1.17% 59.92%      0.09s  3.50%  runtime.mallocgcSmallNoscan
     0.03s  1.17% 61.09%      0.03s  1.17%  runtime.nextFreeFast (inline)
     0.02s  0.78% 61.87%      0.02s  0.78%  bytes.(*Buffer).WriteString
