File: gateway.test
Build ID: c1123911fa57689e580f2eb3eb61630e0e5dd631
Type: cpu
Time: 2026-09-30 15:23:50 CST
Duration: 2.12s, Total samples = 2.42s (113.92%)
Showing nodes accounting for 1.63s, 67.36% of 2.42s total
Dropped 66 nodes (cum <= 0.01s)
Showing top 25 nodes out of 164
      flat  flat%   sum%        cum   cum%
     0.19s  7.85%  7.85%      0.20s  8.26%  encoding/json.appendString[go.shape.string]
     0.16s  6.61% 14.46%      0.16s  6.61%  internal/runtime/syscall/linux.Syscall6
     0.16s  6.61% 21.07%      0.16s  6.61%  runtime.memmove
     0.15s  6.20% 27.27%      0.31s 12.81%  encoding/json.appendCompact
     0.14s  5.79% 33.06%      0.19s  7.85%  runtime.tryDeferToSpanScan
     0.12s  4.96% 38.02%      0.13s  5.37%  encoding/json.stateInString
     0.07s  2.89% 40.91%      1.08s 44.63%  encoding/json.structEncoder.encode
     0.06s  2.48% 43.39%      0.21s  8.68%  runtime.scanObject
     0.05s  2.07% 45.45%      0.06s  2.48%  fmt.(*fmt).fmtInteger
     0.05s  2.07% 47.52%      0.05s  2.07%  runtime.memclrNoHeapPointers
     0.05s  2.07% 49.59%      0.05s  2.07%  runtime.nextFreeFast (inline)
     0.05s  2.07% 51.65%      0.05s  2.07%  time.appendInt
     0.04s  1.65% 53.31%      0.06s  2.48%  bytes.(*Buffer).Write
     0.04s  1.65% 54.96%      1.14s 47.11%  encoding/json.(*encodeState).reflectValue
     0.04s  1.65% 56.61%      0.05s  2.07%  runtime.heapArenaOf (inline)
     0.03s  1.24% 57.85%      0.06s  2.48%  bytes.(*Buffer).WriteString
     0.03s  1.24% 59.09%      0.03s  1.24%  bytes.(*Buffer).tryGrowByReslice (inline)
     0.03s  1.24% 60.33%      0.03s  1.24%  runtime.madvise
     0.03s  1.24% 61.57%      0.03s  1.24%  runtime.procyieldAsm
     0.03s  1.24% 62.81%      0.03s  1.24%  runtime.typePointers.next
     0.03s  1.24% 64.05%      0.12s  4.96%  time.Time.appendFormatRFC3339
     0.02s  0.83% 64.88%      0.02s  0.83%  bytes.(*Buffer).AvailableBuffer (inline)
     0.02s  0.83% 65.70%      0.22s  9.09%  encoding/json.(*decodeState).object
     0.02s  0.83% 66.53%      0.07s  2.89%  encoding/json.checkValid
     0.02s  0.83% 67.36%      0.44s 18.18%  encoding/json.marshalerEncoder
