File: gateway.test
Build ID: c1123911fa57689e580f2eb3eb61630e0e5dd631
Type: cpu
Time: 2026-09-30 15:23:55 CST
Duration: 2.57s, Total samples = 3.03s (117.87%)
Showing nodes accounting for 1.89s, 62.38% of 3.03s total
Dropped 126 nodes (cum <= 0.02s)
Showing top 25 nodes out of 197
      flat  flat%   sum%        cum   cum%
     0.21s  6.93%  6.93%      0.26s  8.58%  encoding/json.appendString[go.shape.string]
     0.20s  6.60% 13.53%      0.31s 10.23%  runtime.tryDeferToSpanScan
     0.17s  5.61% 19.14%      0.17s  5.61%  runtime.memmove
     0.14s  4.62% 23.76%      0.19s  6.27%  encoding/json.checkValid
     0.10s  3.30% 27.06%      0.10s  3.30%  runtime.memclrNoHeapPointers
     0.09s  2.97% 30.03%      0.15s  4.95%  internal/runtime/maps.(*Iter).Next
     0.08s  2.64% 32.67%      0.12s  3.96%  encoding/json.appendCompact
     0.08s  2.64% 35.31%      0.41s 13.53%  github.com/EitanWong/remote-dev-skillkit/internal/controlplane.(*MemoryStore).Snapshot
     0.08s  2.64% 37.95%      0.08s  2.64%  internal/runtime/syscall/linux.Syscall6
     0.08s  2.64% 40.59%      0.26s  8.58%  runtime.scanObjectsSmall
     0.07s  2.31% 42.90%      0.08s  2.64%  encoding/json.unquoteBytes
     0.06s  1.98% 44.88%      0.06s  1.98%  runtime.heapArenaOf (inline)
     0.06s  1.98% 46.86%      0.24s  7.92%  runtime.mallocgcSmallScanNoHeader
     0.05s  1.65% 48.51%      0.05s  1.65%  encoding/json.stateInString
     0.05s  1.65% 50.17%      1.11s 36.63%  encoding/json.structEncoder.encode
     0.05s  1.65% 51.82%      0.05s  1.65%  runtime.mallocgcSmallNoscan
     0.04s  1.32% 53.14%      0.04s  1.32%  aeshashbody
     0.04s  1.32% 54.46%      0.05s  1.65%  bytes.(*Buffer).WriteString
     0.04s  1.32% 55.78%      0.07s  2.31%  github.com/EitanWong/remote-dev-skillkit/internal/controlplane.(*MemoryStore).Snapshot.func2
     0.04s  1.32% 57.10%      0.05s  1.65%  runtime.mapaccess1_faststr
     0.04s  1.32% 58.42%      0.04s  1.32%  runtime.spanClass.sizeclass (inline)
     0.03s  0.99% 59.41%      0.14s  4.62%  bytes.(*Buffer).Write
     0.03s  0.99% 60.40%      0.03s  0.99%  cmpbody
     0.03s  0.99% 61.39%      0.64s 21.12%  encoding/json.mapEncoder.encode
     0.03s  0.99% 62.38%      0.03s  0.99%  encoding/json.stateEndValue
