File: gateway.test
Build ID: c1123911fa57689e580f2eb3eb61630e0e5dd631
Type: inuse_space
Time: 2026-09-30 15:23:55 CST
Showing nodes accounting for 5121.98kB, 100% of 5121.98kB total
Showing top 25 nodes out of 29
      flat  flat%   sum%        cum   cum%
 4097.37kB 80.00% 80.00%  4097.37kB 80.00%  bytes.growSlice
 1024.61kB 20.00%   100%  1024.61kB 20.00%  runtime.mallocgc
         0     0%   100%  4097.37kB 80.00%  bytes.(*Buffer).Write
         0     0%   100%  4097.37kB 80.00%  bytes.(*Buffer).grow
         0     0%   100%  4097.37kB 80.00%  encoding/json.(*encodeState).marshal
         0     0%   100%  4097.37kB 80.00%  encoding/json.(*encodeState).reflectValue
         0     0%   100%  4097.37kB 80.00%  encoding/json.Marshal
         0     0%   100%  4097.37kB 80.00%  encoding/json.arrayEncoder.encode
         0     0%   100%  4097.37kB 80.00%  encoding/json.sliceEncoder.encode
         0     0%   100%  4097.37kB 80.00%  encoding/json.stringEncoder
         0     0%   100%  4097.37kB 80.00%  encoding/json.structEncoder.encode
         0     0%   100%  4097.37kB 80.00%  github.com/EitanWong/remote-dev-skillkit/internal/gateway.BenchmarkPerfHistory.func1.1
         0     0%   100%  4097.37kB 80.00%  github.com/EitanWong/remote-dev-skillkit/internal/gateway.perfDiagRoundTrip
         0     0%   100%   512.05kB 10.00%  runtime.(*scavengerState).init
         0     0%   100%   512.56kB 10.01%  runtime.allocm
         0     0%   100%   512.05kB 10.00%  runtime.bgscavenge
         0     0%   100%   512.56kB 10.01%  runtime.forEachPInternal
         0     0%   100%   512.56kB 10.01%  runtime.gcMarkTermination.forEachP.func7
         0     0%   100%   512.56kB 10.01%  runtime.handoffp
         0     0%   100%   512.56kB 10.01%  runtime.mProfStackInit (inline)
         0     0%   100%   512.56kB 10.01%  runtime.makeProfStackFP (inline)
         0     0%   100%   512.56kB 10.01%  runtime.makeslice
         0     0%   100%   512.56kB 10.01%  runtime.mcommoninit
         0     0%   100%   512.56kB 10.01%  runtime.newm
         0     0%   100%   512.05kB 10.00%  runtime.newobject
