File: httpapi.test
Build ID: 52dbcb13c5b91ebd4265e0c4622e732dc919ee17
Type: cpu
Time: 2026-09-30 15:23:57 CST
Duration: 3.44s, Total samples = 3.95s (114.78%)
Showing nodes accounting for 2.82s, 71.39% of 3.95s total
Dropped 118 nodes (cum <= 0.02s)
Showing top 25 nodes out of 178
      flat  flat%   sum%        cum   cum%
     0.40s 10.13% 10.13%      0.61s 15.44%  encoding/json.appendCompact
     0.36s  9.11% 19.24%      0.38s  9.62%  encoding/json.appendString[go.shape.string]
     0.32s  8.10% 27.34%      0.32s  8.10%  internal/runtime/syscall/linux.Syscall6
     0.25s  6.33% 33.67%      0.36s  9.11%  runtime.tryDeferToSpanScan
     0.23s  5.82% 39.49%      0.23s  5.82%  runtime.memmove
     0.22s  5.57% 45.06%      2.18s 55.19%  encoding/json.structEncoder.encode
     0.12s  3.04% 48.10%      0.49s 12.41%  runtime.scanObject
     0.10s  2.53% 50.63%      0.10s  2.53%  runtime.heapArenaOf (inline)
     0.09s  2.28% 52.91%      0.14s  3.54%  reflect.Value.Field
     0.08s  2.03% 54.94%      0.09s  2.28%  encoding/json.stateInString
     0.07s  1.77% 56.71%      0.18s  4.56%  bytes.(*Buffer).WriteString
     0.06s  1.52% 58.23%      0.09s  2.28%  bytes.(*Buffer).Write
     0.06s  1.52% 59.75%      0.08s  2.03%  runtime.typePointers.next
     0.05s  1.27% 61.01%      0.05s  1.27%  bytes.(*Buffer).tryGrowByReslice (inline)
     0.05s  1.27% 62.28%      0.10s  2.53%  sync.(*Pool).Get
     0.04s  1.01% 63.29%      0.93s 23.54%  encoding/json.marshalerEncoder
     0.04s  1.01% 64.30%      0.04s  1.01%  internal/abi.Name.IsExported (inline)
     0.04s  1.01% 65.32%      0.04s  1.01%  internal/strconv.formatBase10
     0.04s  1.01% 66.33%      0.08s  2.03%  internal/sync.(*HashTrieMap[go.shape.interface {},go.shape.interface {}]).Load
     0.04s  1.01% 67.34%      0.04s  1.01%  runtime.memclrNoHeapPointers
     0.04s  1.01% 68.35%      0.04s  1.01%  time.absYday.split (inline)
     0.03s  0.76% 69.11%      0.29s  7.34%  bufio.(*Writer).Write
     0.03s  0.76% 69.87%      0.03s  0.76%  bytes.(*Buffer).AvailableBuffer (inline)
     0.03s  0.76% 70.63%      0.04s  1.01%  bytes.(*Buffer).WriteByte
     0.03s  0.76% 71.39%      2.34s 59.24%  encoding/json.(*encodeState).marshal
