=== RUN   TestPerfHTTPActiveHistoryMatrix
=== RUN   TestPerfHTTPActiveHistoryMatrix/history_20000/clients_40
    perfdiag_test.go:279: PERF_REQUEST {"history":20000,"clients":40,"client":0,"repetition":0,"latency_ms":782.733338,"status":200}
    perfdiag_test.go:279: PERF_REQUEST {"history":20000,"clients":40,"client":0,"repetition":1,"latency_ms":824.65629,"status":200}
    perfdiag_test.go:279: PERF_REQUEST {"history":20000,"clients":40,"client":0,"repetition":2,"latency_ms":869.255893,"status":200}
    perfdiag_test.go:279: PERF_REQUEST {"history":20000,"clients":40,"client":0,"repetition":3,"latency_ms":772.967923,"status":200}
    perfdiag_test.go:279: PERF_REQUEST {"history":20000,"clients":40,"client":1,"repetition":0,"latency_ms":757.338048,"status":200}
    perfdiag_test.go:279: PERF_REQUEST {"history":20000,"clients":40,"client":1,"repetition":1,"latency_ms":822.592093,"status":200}
    perfdiag_test.go:279: PERF_REQUEST {"history":20000,"clients":40,"client":1,"repetition":2,"latency_ms":867.372013,"status":200}
    perfdiag_test.go:279: PERF_REQUEST {"history":20000,"clients":40,"client":1,"repetition":3,"latency_ms":774.559126,"status":200}
    perfdiag_test.go:279: PERF_REQUEST {"history":20000,"clients":40,"client":2,"repetition":0,"latency_ms":733.214625,"status":200}
    perfdiag_test.go:279: PERF_REQUEST {"history":20000,"clients":40,"client":2,"repetition":1,"latency_ms":834.042678,"status":200}
    perfdiag_test.go:279: PERF_REQUEST {"history":20000,"clients":40,"client":2,"repetition":2,"latency_ms":870.562554,"status":200}
    perfdiag_test.go:279: PERF_REQUEST {"history":20000,"clients":40,"client":2,"repetition":3,"latency_ms":774.451684,"status":200}
    perfdiag_test.go:279: PERF_REQUEST {"history":20000,"clients":40,"client":3,"repetition":0,"latency_ms":712.24868,"status":200}
    perfdiag_test.go:279: PERF_REQUEST {"history":20000,"clients":40,"client":3,"repetition":1,"latency_ms":826.853255,"status":200}
    perfdiag_test.go:279: PERF_REQUEST {"history":20000,"clients":40,"client":3,"repetition":2,"latency_ms":881.575311,"status":200}
    perfdiag_test.go:279: PERF_REQUEST {"history":20000,"clients":40,"client":3,"repetition":3,"latency_ms":777.058826,"status":200}
    perfdiag_test.go:279: PERF_REQUEST {"history":20000,"clients":40,"client":4,"repetition":0,"latency_ms":685.68076,"status":200}
    perfdiag_test.go:279: PERF_REQUEST {"history":20000,"clients":40,"client":4,"repetition":1,"latency_ms":823.801403,"status":200}
    perfdiag_test.go:279: PERF_REQUEST {"history":20000,"clients":40,"client":4,"repetition":2,"latency_ms":879.462845,"status":200}
    perfdiag_test.go:279: PERF_REQUEST {"history":20000,"clients":40,"client":4,"repetition":3,"latency_ms":780.374541,"status":200}
    perfdiag_test.go:279: PERF_REQUEST {"history":20000,"clients":40,"client":5,"repetition":0,"latency_ms":657.12819,"status":200}
    perfdiag_test.go:279: PERF_REQUEST {"history":20000,"clients":40,"client":5,"repetition":1,"latency_ms":836.531339,"status":200}
    perfdiag_test.go:279: PERF_REQUEST {"history":20000,"clients":40,"client":5,"repetition":2,"latency_ms":883.018739,"status":200}
    perfdiag_test.go:279: PERF_REQUEST {"history":20000,"clients":40,"client":5,"repetition":3,"latency_ms":779.995834,"status":200}
    perfdiag_test.go:279: PERF_REQUEST {"history":20000,"clients":40,"client":6,"repetition":0,"latency_ms":632.882047,"status":200}
    perfdiag_test.go:279: PERF_REQUEST {"history":20000,"clients":40,"client":6,"repetition":1,"latency_ms":840.072275,"status":200}
    perfdiag_test.go:279: PERF_REQUEST {"history":20000,"clients":40,"client":6,"repetition":2,"latency_ms":883.71005,"status":200}
    perfdiag_test.go:279: PERF_REQUEST {"history":20000,"clients":40,"client":6,"repetition":3,"latency_ms":788.676223,"status":200}
    perfdiag_test.go:279: PERF_REQUEST {"history":20000,"clients":40,"client":7,"repetition":0,"latency_ms":25.286727,"status":200}
    perfdiag_test.go:279: PERF_REQUEST {"history":20000,"clients":40,"client":7,"repetition":1,"latency_ms":21.5681,"status":200}
    perfdiag_test.go:279: PERF_REQUEST {"history":20000,"clients":40,"client":7,"repetition":2,"latency_ms":846.543075,"status":200}
    perfdiag_test.go:279: PERF_REQUEST {"history":20000,"clients":40,"client":7,"repetition":3,"latency_ms":830.509296,"status":200}
    perfdiag_test.go:279: PERF_REQUEST {"history":20000,"clients":40,"client":8,"repetition":0,"latency_ms":588.85303,"status":200}
    perfdiag_test.go:279: PERF_REQUEST {"history":20000,"clients":40,"client":8,"repetition":1,"latency_ms":837.140396,"status":200}
    perfdiag_test.go:279: PERF_REQUEST {"history":20000,"clients":40,"client":8,"repetition":2,"latency_ms":881.985207,"status":200}
    perfdiag_test.go:279: PERF_REQUEST {"history":20000,"clients":40,"client":8,"repetition":3,"latency_ms":799.654335,"status":200}
    perfdiag_test.go:279: PERF_REQUEST {"history":20000,"clients":40,"client":9,"repetition":0,"latency_ms":570.177547,"status":200}
    perfdiag_test.go:279: PERF_REQUEST {"history":20000,"clients":40,"client":9,"repetition":1,"latency_ms":836.840276,"status":200}
    perfdiag_test.go:279: PERF_REQUEST {"history":20000,"clients":40,"client":9,"repetition":2,"latency_ms":878.216716,"status":200}
    perfdiag_test.go:279: PERF_REQUEST {"history":20000,"clients":40,"client":9,"repetition":3,"latency_ms":805.28207,"status":200}
    perfdiag_test.go:279: PERF_REQUEST {"history":20000,"clients":40,"client":10,"repetition":0,"latency_ms":552.956519,"status":200}
    perfdiag_test.go:279: PERF_REQUEST {"history":20000,"clients":40,"client":10,"repetition":1,"latency_ms":837.275088,"status":200}
    perfdiag_test.go:279: PERF_REQUEST {"history":20000,"clients":40,"client":10,"repetition":2,"latency_ms":868.626517,"status":200}
    perfdiag_test.go:279: PERF_REQUEST {"history":20000,"clients":40,"client":10,"repetition":3,"latency_ms":808.918495,"status":200}
    perfdiag_test.go:279: PERF_REQUEST {"history":20000,"clients":40,"client":11,"repetition":0,"latency_ms":531.787175,"status":200}
    perfdiag_test.go:279: PERF_REQUEST {"history":20000,"clients":40,"client":11,"repetition":1,"latency_ms":837.927848,"status":200}
    perfdiag_test.go:279: PERF_REQUEST {"history":20000,"clients":40,"client":11,"repetition":2,"latency_ms":865.063249,"status":200}
    perfdiag_test.go:279: PERF_REQUEST {"history":20000,"clients":40,"client":11,"repetition":3,"latency_ms":819.497171,"status":200}
    perfdiag_test.go:279: PERF_REQUEST {"history":20000,"clients":40,"client":12,"repetition":0,"latency_ms":504.576553,"status":200}
    perfdiag_test.go:279: PERF_REQUEST {"history":20000,"clients":40,"client":12,"repetition":1,"latency_ms":839.756955,"status":200}
    perfdiag_test.go:279: PERF_REQUEST {"history":20000,"clients":40,"client":12,"repetition":2,"latency_ms":860.084767,"status":200}
    perfdiag_test.go:279: PERF_REQUEST {"history":20000,"clients":40,"client":12,"repetition":3,"latency_ms":832.160812,"status":200}
    perfdiag_test.go:279: PERF_REQUEST {"history":20000,"clients":40,"client":13,"repetition":0,"latency_ms":487.040637,"status":200}
    perfdiag_test.go:279: PERF_REQUEST {"history":20000,"clients":40,"client":13,"repetition":1,"latency_ms":834.961115,"status":200}
    perfdiag_test.go:279: PERF_REQUEST {"history":20000,"clients":40,"client":13,"repetition":2,"latency_ms":849.918642,"status":200}
    perfdiag_test.go:279: PERF_REQUEST {"history":20000,"clients":40,"client":13,"repetition":3,"latency_ms":845.052721,"status":200}
    perfdiag_test.go:279: PERF_REQUEST {"history":20000,"clients":40,"client":14,"repetition":0,"latency_ms":466.050689,"status":200}
    perfdiag_test.go:279: PERF_REQUEST {"history":20000,"clients":40,"client":14,"repetition":1,"latency_ms":838.671898,"status":200}
    perfdiag_test.go:279: PERF_REQUEST {"history":20000,"clients":40,"client":14,"repetition":2,"latency_ms":843.524605,"status":200}
    perfdiag_test.go:279: PERF_REQUEST {"history":20000,"clients":40,"client":14,"repetition":3,"latency_ms":849.253299,"status":200}
    perfdiag_test.go:279: PERF_REQUEST {"history":20000,"clients":40,"client":15,"repetition":0,"latency_ms":439.695495,"status":200}
    perfdiag_test.go:279: PERF_REQUEST {"history":20000,"clients":40,"client":15,"repetition":1,"latency_ms":842.438806,"status":200}
    perfdiag_test.go:279: PERF_REQUEST {"history":20000,"clients":40,"client":15,"repetition":2,"latency_ms":843.644859,"status":200}
    perfdiag_test.go:279: PERF_REQUEST {"history":20000,"clients":40,"client":15,"repetition":3,"latency_ms":839.080021,"status":200}
    perfdiag_test.go:279: PERF_REQUEST {"history":20000,"clients":40,"client":16,"repetition":0,"latency_ms":608.028649,"status":200}
    perfdiag_test.go:279: PERF_REQUEST {"history":20000,"clients":40,"client":16,"repetition":1,"latency_ms":840.120785,"status":200}
    perfdiag_test.go:279: PERF_REQUEST {"history":20000,"clients":40,"client":16,"repetition":2,"latency_ms":871.154891,"status":200}
    perfdiag_test.go:279: PERF_REQUEST {"history":20000,"clients":40,"client":16,"repetition":3,"latency_ms":798.722524,"status":200}
    perfdiag_test.go:279: PERF_REQUEST {"history":20000,"clients":40,"client":17,"repetition":0,"latency_ms":400.740379,"status":200}
    perfdiag_test.go:279: PERF_REQUEST {"history":20000,"clients":40,"client":17,"repetition":1,"latency_ms":838.60321,"status":200}
    perfdiag_test.go:279: PERF_REQUEST {"history":20000,"clients":40,"client":17,"repetition":2,"latency_ms":839.341519,"status":200}
    perfdiag_test.go:279: PERF_REQUEST {"history":20000,"clients":40,"client":17,"repetition":3,"latency_ms":840.927673,"status":200}
    perfdiag_test.go:279: PERF_REQUEST {"history":20000,"clients":40,"client":18,"repetition":0,"latency_ms":378.768005,"status":200}
    perfdiag_test.go:279: PERF_REQUEST {"history":20000,"clients":40,"client":18,"repetition":1,"latency_ms":838.411702,"status":200}
    perfdiag_test.go:279: PERF_REQUEST {"history":20000,"clients":40,"client":18,"repetition":2,"latency_ms":843.517752,"status":200}
    perfdiag_test.go:279: PERF_REQUEST {"history":20000,"clients":40,"client":18,"repetition":3,"latency_ms":838.707304,"status":200}
    perfdiag_test.go:279: PERF_REQUEST {"history":20000,"clients":40,"client":19,"repetition":0,"latency_ms":361.777057,"status":200}
    perfdiag_test.go:279: PERF_REQUEST {"history":20000,"clients":40,"client":19,"repetition":1,"latency_ms":839.311964,"status":200}
    perfdiag_test.go:279: PERF_REQUEST {"history":20000,"clients":40,"client":19,"repetition":2,"latency_ms":840.506786,"status":200}
    perfdiag_test.go:279: PERF_REQUEST {"history":20000,"clients":40,"client":19,"repetition":3,"latency_ms":835.582876,"status":200}
    perfdiag_test.go:279: PERF_REQUEST {"history":20000,"clients":40,"client":20,"repetition":0,"latency_ms":341.175163,"status":200}
    perfdiag_test.go:279: PERF_REQUEST {"history":20000,"clients":40,"client":20,"repetition":1,"latency_ms":839.872992,"status":200}
    perfdiag_test.go:279: PERF_REQUEST {"history":20000,"clients":40,"client":20,"repetition":2,"latency_ms":827.700258,"status":200}
    perfdiag_test.go:279: PERF_REQUEST {"history":20000,"clients":40,"client":20,"repetition":3,"latency_ms":836.139897,"status":200}
    perfdiag_test.go:279: PERF_REQUEST {"history":20000,"clients":40,"client":21,"repetition":0,"latency_ms":817.601108,"status":200}
    perfdiag_test.go:279: PERF_REQUEST {"history":20000,"clients":40,"client":21,"repetition":1,"latency_ms":815.765729,"status":200}
    perfdiag_test.go:279: PERF_REQUEST {"history":20000,"clients":40,"client":21,"repetition":2,"latency_ms":869.130809,"status":200}
    perfdiag_test.go:279: PERF_REQUEST {"history":20000,"clients":40,"client":21,"repetition":3,"latency_ms":774.100409,"status":200}
    perfdiag_test.go:279: PERF_REQUEST {"history":20000,"clients":40,"client":22,"repetition":0,"latency_ms":834.554254,"status":200}
    perfdiag_test.go:279: PERF_REQUEST {"history":20000,"clients":40,"client":22,"repetition":1,"latency_ms":814.263732,"status":200}
    perfdiag_test.go:279: PERF_REQUEST {"history":20000,"clients":40,"client":22,"repetition":2,"latency_ms":869.337035,"status":200}
    perfdiag_test.go:279: PERF_REQUEST {"history":20000,"clients":40,"client":22,"repetition":3,"latency_ms":770.876144,"status":200}
    perfdiag_test.go:279: PERF_REQUEST {"history":20000,"clients":40,"client":23,"repetition":0,"latency_ms":66.367565,"status":200}
    perfdiag_test.go:279: PERF_REQUEST {"history":20000,"clients":40,"client":23,"repetition":1,"latency_ms":847.572318,"status":200}
    perfdiag_test.go:279: PERF_REQUEST {"history":20000,"clients":40,"client":23,"repetition":2,"latency_ms":821.745772,"status":200}
    perfdiag_test.go:279: PERF_REQUEST {"history":20000,"clients":40,"client":23,"repetition":3,"latency_ms":841.748236,"status":200}
    perfdiag_test.go:279: PERF_REQUEST {"history":20000,"clients":40,"client":24,"repetition":0,"latency_ms":856.107074,"status":200}
    perfdiag_test.go:279: PERF_REQUEST {"history":20000,"clients":40,"client":24,"repetition":1,"latency_ms":822.596111,"status":200}
    perfdiag_test.go:279: PERF_REQUEST {"history":20000,"clients":40,"client":24,"repetition":2,"latency_ms":867.71246,"status":200}
    perfdiag_test.go:279: PERF_REQUEST {"history":20000,"clients":40,"client":24,"repetition":3,"latency_ms":771.607049,"status":200}
    perfdiag_test.go:279: PERF_REQUEST {"history":20000,"clients":40,"client":25,"repetition":0,"latency_ms":875.238251,"status":200}
    perfdiag_test.go:279: PERF_REQUEST {"history":20000,"clients":40,"client":25,"repetition":1,"latency_ms":824.076807,"status":200}
    perfdiag_test.go:279: PERF_REQUEST {"history":20000,"clients":40,"client":25,"repetition":2,"latency_ms":863.641042,"status":200}
    perfdiag_test.go:279: PERF_REQUEST {"history":20000,"clients":40,"client":25,"repetition":3,"latency_ms":767.691263,"status":200}
    perfdiag_test.go:279: PERF_REQUEST {"history":20000,"clients":40,"client":26,"repetition":0,"latency_ms":421.746699,"status":200}
    perfdiag_test.go:279: PERF_REQUEST {"history":20000,"clients":40,"client":26,"repetition":1,"latency_ms":840.30546,"status":200}
    perfdiag_test.go:279: PERF_REQUEST {"history":20000,"clients":40,"client":26,"repetition":2,"latency_ms":841.378234,"status":200}
    perfdiag_test.go:279: PERF_REQUEST {"history":20000,"clients":40,"client":26,"repetition":3,"latency_ms":841.780526,"status":200}
    perfdiag_test.go:279: PERF_REQUEST {"history":20000,"clients":40,"client":27,"repetition":0,"latency_ms":84.324467,"status":200}
    perfdiag_test.go:279: PERF_REQUEST {"history":20000,"clients":40,"client":27,"repetition":1,"latency_ms":846.806216,"status":200}
    perfdiag_test.go:279: PERF_REQUEST {"history":20000,"clients":40,"client":27,"repetition":2,"latency_ms":823.99264,"status":200}
    perfdiag_test.go:279: PERF_REQUEST {"history":20000,"clients":40,"client":27,"repetition":3,"latency_ms":839.528318,"status":200}
    perfdiag_test.go:279: PERF_REQUEST {"history":20000,"clients":40,"client":28,"repetition":0,"latency_ms":104.330197,"status":200}
    perfdiag_test.go:279: PERF_REQUEST {"history":20000,"clients":40,"client":28,"repetition":1,"latency_ms":848.353528,"status":200}
    perfdiag_test.go:279: PERF_REQUEST {"history":20000,"clients":40,"client":28,"repetition":2,"latency_ms":825.280857,"status":200}
    perfdiag_test.go:279: PERF_REQUEST {"history":20000,"clients":40,"client":28,"repetition":3,"latency_ms":840.054922,"status":200}
    perfdiag_test.go:279: PERF_REQUEST {"history":20000,"clients":40,"client":29,"repetition":0,"latency_ms":121.467729,"status":200}
    perfdiag_test.go:279: PERF_REQUEST {"history":20000,"clients":40,"client":29,"repetition":1,"latency_ms":844.941293,"status":200}
    perfdiag_test.go:279: PERF_REQUEST {"history":20000,"clients":40,"client":29,"repetition":2,"latency_ms":824.260681,"status":200}
    perfdiag_test.go:279: PERF_REQUEST {"history":20000,"clients":40,"client":29,"repetition":3,"latency_ms":838.568905,"status":200}
    perfdiag_test.go:279: PERF_REQUEST {"history":20000,"clients":40,"client":30,"repetition":0,"latency_ms":142.634818,"status":200}
    perfdiag_test.go:279: PERF_REQUEST {"history":20000,"clients":40,"client":30,"repetition":1,"latency_ms":848.967575,"status":200}
    perfdiag_test.go:279: PERF_REQUEST {"history":20000,"clients":40,"client":30,"repetition":2,"latency_ms":826.652039,"status":200}
    perfdiag_test.go:279: PERF_REQUEST {"history":20000,"clients":40,"client":30,"repetition":3,"latency_ms":839.463478,"status":200}
    perfdiag_test.go:279: PERF_REQUEST {"history":20000,"clients":40,"client":31,"repetition":0,"latency_ms":163.991593,"status":200}
    perfdiag_test.go:279: PERF_REQUEST {"history":20000,"clients":40,"client":31,"repetition":1,"latency_ms":847.598787,"status":200}
    perfdiag_test.go:279: PERF_REQUEST {"history":20000,"clients":40,"client":31,"repetition":2,"latency_ms":827.259434,"status":200}
    perfdiag_test.go:279: PERF_REQUEST {"history":20000,"clients":40,"client":31,"repetition":3,"latency_ms":842.678594,"status":200}
    perfdiag_test.go:279: PERF_REQUEST {"history":20000,"clients":40,"client":32,"repetition":0,"latency_ms":181.872442,"status":200}
    perfdiag_test.go:279: PERF_REQUEST {"history":20000,"clients":40,"client":32,"repetition":1,"latency_ms":841.02269,"status":200}
    perfdiag_test.go:279: PERF_REQUEST {"history":20000,"clients":40,"client":32,"repetition":2,"latency_ms":825.392145,"status":200}
    perfdiag_test.go:279: PERF_REQUEST {"history":20000,"clients":40,"client":32,"repetition":3,"latency_ms":840.847623,"status":200}
    perfdiag_test.go:279: PERF_REQUEST {"history":20000,"clients":40,"client":33,"repetition":0,"latency_ms":203.760299,"status":200}
    perfdiag_test.go:279: PERF_REQUEST {"history":20000,"clients":40,"client":33,"repetition":1,"latency_ms":845.487222,"status":200}
    perfdiag_test.go:279: PERF_REQUEST {"history":20000,"clients":40,"client":33,"repetition":2,"latency_ms":828.860115,"status":200}
    perfdiag_test.go:279: PERF_REQUEST {"history":20000,"clients":40,"client":33,"repetition":3,"latency_ms":842.223194,"status":200}
    perfdiag_test.go:279: PERF_REQUEST {"history":20000,"clients":40,"client":34,"repetition":0,"latency_ms":225.063163,"status":200}
    perfdiag_test.go:279: PERF_REQUEST {"history":20000,"clients":40,"client":34,"repetition":1,"latency_ms":845.525674,"status":200}
    perfdiag_test.go:279: PERF_REQUEST {"history":20000,"clients":40,"client":34,"repetition":2,"latency_ms":828.488321,"status":200}
    perfdiag_test.go:279: PERF_REQUEST {"history":20000,"clients":40,"client":34,"repetition":3,"latency_ms":843.263096,"status":200}
    perfdiag_test.go:279: PERF_REQUEST {"history":20000,"clients":40,"client":35,"repetition":0,"latency_ms":242.80365,"status":200}
    perfdiag_test.go:279: PERF_REQUEST {"history":20000,"clients":40,"client":35,"repetition":1,"latency_ms":841.917051,"status":200}
    perfdiag_test.go:279: PERF_REQUEST {"history":20000,"clients":40,"client":35,"repetition":2,"latency_ms":828.709092,"status":200}
    perfdiag_test.go:279: PERF_REQUEST {"history":20000,"clients":40,"client":35,"repetition":3,"latency_ms":843.613151,"status":200}
    perfdiag_test.go:279: PERF_REQUEST {"history":20000,"clients":40,"client":36,"repetition":0,"latency_ms":264.796443,"status":200}
    perfdiag_test.go:279: PERF_REQUEST {"history":20000,"clients":40,"client":36,"repetition":1,"latency_ms":843.855974,"status":200}
    perfdiag_test.go:279: PERF_REQUEST {"history":20000,"clients":40,"client":36,"repetition":2,"latency_ms":829.363575,"status":200}
    perfdiag_test.go:279: PERF_REQUEST {"history":20000,"clients":40,"client":36,"repetition":3,"latency_ms":840.724583,"status":200}
    perfdiag_test.go:279: PERF_REQUEST {"history":20000,"clients":40,"client":37,"repetition":0,"latency_ms":281.980971,"status":200}
    perfdiag_test.go:279: PERF_REQUEST {"history":20000,"clients":40,"client":37,"repetition":1,"latency_ms":838.485861,"status":200}
    perfdiag_test.go:279: PERF_REQUEST {"history":20000,"clients":40,"client":37,"repetition":2,"latency_ms":829.636475,"status":200}
    perfdiag_test.go:279: PERF_REQUEST {"history":20000,"clients":40,"client":37,"repetition":3,"latency_ms":839.416709,"status":200}
    perfdiag_test.go:279: PERF_REQUEST {"history":20000,"clients":40,"client":38,"repetition":0,"latency_ms":304.125538,"status":200}
    perfdiag_test.go:279: PERF_REQUEST {"history":20000,"clients":40,"client":38,"repetition":1,"latency_ms":842.320365,"status":200}
    perfdiag_test.go:279: PERF_REQUEST {"history":20000,"clients":40,"client":38,"repetition":2,"latency_ms":830.336063,"status":200}
    perfdiag_test.go:279: PERF_REQUEST {"history":20000,"clients":40,"client":38,"repetition":3,"latency_ms":839.740214,"status":200}
    perfdiag_test.go:279: PERF_REQUEST {"history":20000,"clients":40,"client":39,"repetition":0,"latency_ms":323.53317,"status":200}
    perfdiag_test.go:279: PERF_REQUEST {"history":20000,"clients":40,"client":39,"repetition":1,"latency_ms":839.423231,"status":200}
    perfdiag_test.go:279: PERF_REQUEST {"history":20000,"clients":40,"client":39,"repetition":2,"latency_ms":833.767624,"status":200}
    perfdiag_test.go:279: PERF_REQUEST {"history":20000,"clients":40,"client":39,"repetition":3,"latency_ms":840.472452,"status":200}
    perfdiag_test.go:291: PERF_PERSIST {"clients":40,"history":20000,"persist_index":0,"save_ms":25.141216,"snapshot_bytes":3350598,"wchar_delta":3350598,"write_bytes_delta":3354624}
    perfdiag_test.go:291: PERF_PERSIST {"clients":40,"history":20000,"persist_index":1,"save_ms":21.452673,"snapshot_bytes":3353541,"wchar_delta":3353541,"write_bytes_delta":3354624}
    perfdiag_test.go:291: PERF_PERSIST {"clients":40,"history":20000,"persist_index":2,"save_ms":19.498362,"snapshot_bytes":3353541,"wchar_delta":3353541,"write_bytes_delta":3354624}
    perfdiag_test.go:291: PERF_PERSIST {"clients":40,"history":20000,"persist_index":3,"save_ms":23.952604,"snapshot_bytes":3353596,"wchar_delta":3353596,"write_bytes_delta":3354624}
    perfdiag_test.go:291: PERF_PERSIST {"clients":40,"history":20000,"persist_index":4,"save_ms":20.007664,"snapshot_bytes":3353651,"wchar_delta":3353651,"write_bytes_delta":3354624}
    perfdiag_test.go:291: PERF_PERSIST {"clients":40,"history":20000,"persist_index":5,"save_ms":17.146718,"snapshot_bytes":3353706,"wchar_delta":3353714,"write_bytes_delta":3354624}
    perfdiag_test.go:291: PERF_PERSIST {"clients":40,"history":20000,"persist_index":6,"save_ms":21.159827,"snapshot_bytes":3353761,"wchar_delta":3353761,"write_bytes_delta":3354624}
    perfdiag_test.go:291: PERF_PERSIST {"clients":40,"history":20000,"persist_index":7,"save_ms":21.327189,"snapshot_bytes":3353816,"wchar_delta":3353816,"write_bytes_delta":3354624}
    perfdiag_test.go:291: PERF_PERSIST {"clients":40,"history":20000,"persist_index":8,"save_ms":17.885057,"snapshot_bytes":3353871,"wchar_delta":3353871,"write_bytes_delta":3354624}
    perfdiag_test.go:291: PERF_PERSIST {"clients":40,"history":20000,"persist_index":9,"save_ms":21.882697,"snapshot_bytes":3353926,"wchar_delta":3353926,"write_bytes_delta":3354624}
    perfdiag_test.go:291: PERF_PERSIST {"clients":40,"history":20000,"persist_index":10,"save_ms":21.286753,"snapshot_bytes":3353981,"wchar_delta":3353981,"write_bytes_delta":3354624}
    perfdiag_test.go:291: PERF_PERSIST {"clients":40,"history":20000,"persist_index":11,"save_ms":17.75282,"snapshot_bytes":3354036,"wchar_delta":3354036,"write_bytes_delta":3354624}
    perfdiag_test.go:291: PERF_PERSIST {"clients":40,"history":20000,"persist_index":12,"save_ms":22.000447,"snapshot_bytes":3354091,"wchar_delta":3354091,"write_bytes_delta":3354624}
    perfdiag_test.go:291: PERF_PERSIST {"clients":40,"history":20000,"persist_index":13,"save_ms":17.192503,"snapshot_bytes":3354146,"wchar_delta":3354146,"write_bytes_delta":3354624}
    perfdiag_test.go:291: PERF_PERSIST {"clients":40,"history":20000,"persist_index":14,"save_ms":22.134948,"snapshot_bytes":3354201,"wchar_delta":3354201,"write_bytes_delta":3354624}
    perfdiag_test.go:291: PERF_PERSIST {"clients":40,"history":20000,"persist_index":15,"save_ms":19.412282,"snapshot_bytes":3354256,"wchar_delta":3354256,"write_bytes_delta":3354624}
    perfdiag_test.go:291: PERF_PERSIST {"clients":40,"history":20000,"persist_index":16,"save_ms":17.647965,"snapshot_bytes":3354311,"wchar_delta":3354311,"write_bytes_delta":3354624}
    perfdiag_test.go:291: PERF_PERSIST {"clients":40,"history":20000,"persist_index":17,"save_ms":20.320398,"snapshot_bytes":3354366,"wchar_delta":3354366,"write_bytes_delta":3354624}
    perfdiag_test.go:291: PERF_PERSIST {"clients":40,"history":20000,"persist_index":18,"save_ms":17.301557,"snapshot_bytes":3354421,"wchar_delta":3354421,"write_bytes_delta":3354624}
    perfdiag_test.go:291: PERF_PERSIST {"clients":40,"history":20000,"persist_index":19,"save_ms":21.97527,"snapshot_bytes":3354476,"wchar_delta":3354476,"write_bytes_delta":3354624}
    perfdiag_test.go:291: PERF_PERSIST {"clients":40,"history":20000,"persist_index":20,"save_ms":20.705137,"snapshot_bytes":3354531,"wchar_delta":3354531,"write_bytes_delta":3354624}
    perfdiag_test.go:291: PERF_PERSIST {"clients":40,"history":20000,"persist_index":21,"save_ms":17.908221,"snapshot_bytes":3354586,"wchar_delta":3354586,"write_bytes_delta":3354624}
    perfdiag_test.go:291: PERF_PERSIST {"clients":40,"history":20000,"persist_index":22,"save_ms":26.354873,"snapshot_bytes":3354641,"wchar_delta":3354641,"write_bytes_delta":3358720}
    perfdiag_test.go:291: PERF_PERSIST {"clients":40,"history":20000,"persist_index":23,"save_ms":20.987214,"snapshot_bytes":3354696,"wchar_delta":3354696,"write_bytes_delta":3358720}
    perfdiag_test.go:291: PERF_PERSIST {"clients":40,"history":20000,"persist_index":24,"save_ms":17.541175,"snapshot_bytes":3354751,"wchar_delta":3354751,"write_bytes_delta":3358720}
    perfdiag_test.go:291: PERF_PERSIST {"clients":40,"history":20000,"persist_index":25,"save_ms":27.318363,"snapshot_bytes":3354806,"wchar_delta":3354806,"write_bytes_delta":3358720}
    perfdiag_test.go:291: PERF_PERSIST {"clients":40,"history":20000,"persist_index":26,"save_ms":18.075413,"snapshot_bytes":3354861,"wchar_delta":3354861,"write_bytes_delta":3358720}
    perfdiag_test.go:291: PERF_PERSIST {"clients":40,"history":20000,"persist_index":27,"save_ms":20.304709,"snapshot_bytes":3354916,"wchar_delta":3354916,"write_bytes_delta":3358720}
    perfdiag_test.go:291: PERF_PERSIST {"clients":40,"history":20000,"persist_index":28,"save_ms":18.683199,"snapshot_bytes":3354971,"wchar_delta":3354971,"write_bytes_delta":3358720}
    perfdiag_test.go:291: PERF_PERSIST {"clients":40,"history":20000,"persist_index":29,"save_ms":19.186098,"snapshot_bytes":3355026,"wchar_delta":3355026,"write_bytes_delta":3358720}
    perfdiag_test.go:291: PERF_PERSIST {"clients":40,"history":20000,"persist_index":30,"save_ms":24.838049,"snapshot_bytes":3355081,"wchar_delta":3355081,"write_bytes_delta":3358720}
    perfdiag_test.go:291: PERF_PERSIST {"clients":40,"history":20000,"persist_index":31,"save_ms":24.249479,"snapshot_bytes":3355136,"wchar_delta":3355136,"write_bytes_delta":3358720}
    perfdiag_test.go:291: PERF_PERSIST {"clients":40,"history":20000,"persist_index":32,"save_ms":28.580932,"snapshot_bytes":3355191,"wchar_delta":3355191,"write_bytes_delta":3358720}
    perfdiag_test.go:291: PERF_PERSIST {"clients":40,"history":20000,"persist_index":33,"save_ms":26.568652,"snapshot_bytes":3355246,"wchar_delta":3355246,"write_bytes_delta":3358720}
    perfdiag_test.go:291: PERF_PERSIST {"clients":40,"history":20000,"persist_index":34,"save_ms":20.988195,"snapshot_bytes":3355301,"wchar_delta":3355301,"write_bytes_delta":3358720}
    perfdiag_test.go:291: PERF_PERSIST {"clients":40,"history":20000,"persist_index":35,"save_ms":24.139253,"snapshot_bytes":3355356,"wchar_delta":3355356,"write_bytes_delta":3358720}
    perfdiag_test.go:291: PERF_PERSIST {"clients":40,"history":20000,"persist_index":36,"save_ms":25.391954,"snapshot_bytes":3355411,"wchar_delta":3355411,"write_bytes_delta":3358720}
    perfdiag_test.go:291: PERF_PERSIST {"clients":40,"history":20000,"persist_index":37,"save_ms":26.231032,"snapshot_bytes":3355466,"wchar_delta":3355466,"write_bytes_delta":3358720}
    perfdiag_test.go:291: PERF_PERSIST {"clients":40,"history":20000,"persist_index":38,"save_ms":16.953327,"snapshot_bytes":3355521,"wchar_delta":3355521,"write_bytes_delta":3358720}
    perfdiag_test.go:291: PERF_PERSIST {"clients":40,"history":20000,"persist_index":39,"save_ms":21.588007,"snapshot_bytes":3355576,"wchar_delta":3355576,"write_bytes_delta":3358720}
    perfdiag_test.go:291: PERF_PERSIST {"clients":40,"history":20000,"persist_index":40,"save_ms":19.386253,"snapshot_bytes":3355631,"wchar_delta":3355631,"write_bytes_delta":3358720}
    perfdiag_test.go:291: PERF_PERSIST {"clients":40,"history":20000,"persist_index":41,"save_ms":18.198473,"snapshot_bytes":3355686,"wchar_delta":3355686,"write_bytes_delta":3358720}
    perfdiag_test.go:291: PERF_PERSIST {"clients":40,"history":20000,"persist_index":42,"save_ms":26.179585,"snapshot_bytes":3355741,"wchar_delta":3355741,"write_bytes_delta":3358720}
    perfdiag_test.go:291: PERF_PERSIST {"clients":40,"history":20000,"persist_index":43,"save_ms":17.375996,"snapshot_bytes":3355796,"wchar_delta":3355796,"write_bytes_delta":3358720}
    perfdiag_test.go:291: PERF_PERSIST {"clients":40,"history":20000,"persist_index":44,"save_ms":21.60063,"snapshot_bytes":3355851,"wchar_delta":3355851,"write_bytes_delta":3358720}
    perfdiag_test.go:291: PERF_PERSIST {"clients":40,"history":20000,"persist_index":45,"save_ms":18.384551,"snapshot_bytes":3355906,"wchar_delta":3355906,"write_bytes_delta":3358720}
    perfdiag_test.go:291: PERF_PERSIST {"clients":40,"history":20000,"persist_index":46,"save_ms":19.922014,"snapshot_bytes":3356016,"wchar_delta":3356016,"write_bytes_delta":3358720}
    perfdiag_test.go:291: PERF_PERSIST {"clients":40,"history":20000,"persist_index":47,"save_ms":20.236902,"snapshot_bytes":3356016,"wchar_delta":3356016,"write_bytes_delta":3358720}
    perfdiag_test.go:291: PERF_PERSIST {"clients":40,"history":20000,"persist_index":48,"save_ms":17.633207,"snapshot_bytes":3356071,"wchar_delta":3356071,"write_bytes_delta":3358720}
    perfdiag_test.go:291: PERF_PERSIST {"clients":40,"history":20000,"persist_index":49,"save_ms":19.868414,"snapshot_bytes":3356126,"wchar_delta":3356126,"write_bytes_delta":3358720}
    perfdiag_test.go:291: PERF_PERSIST {"clients":40,"history":20000,"persist_index":50,"save_ms":19.352489,"snapshot_bytes":3356181,"wchar_delta":3356181,"write_bytes_delta":3358720}
    perfdiag_test.go:291: PERF_PERSIST {"clients":40,"history":20000,"persist_index":51,"save_ms":18.290415,"snapshot_bytes":3356236,"wchar_delta":3356236,"write_bytes_delta":3358720}
    perfdiag_test.go:291: PERF_PERSIST {"clients":40,"history":20000,"persist_index":52,"save_ms":18.514173,"snapshot_bytes":3356291,"wchar_delta":3356291,"write_bytes_delta":3358720}
    perfdiag_test.go:291: PERF_PERSIST {"clients":40,"history":20000,"persist_index":53,"save_ms":19.145313,"snapshot_bytes":3356346,"wchar_delta":3356346,"write_bytes_delta":3358720}
    perfdiag_test.go:291: PERF_PERSIST {"clients":40,"history":20000,"persist_index":54,"save_ms":18.189546,"snapshot_bytes":3356401,"wchar_delta":3356401,"write_bytes_delta":3358720}
    perfdiag_test.go:291: PERF_PERSIST {"clients":40,"history":20000,"persist_index":55,"save_ms":19.125185,"snapshot_bytes":3356456,"wchar_delta":3356456,"write_bytes_delta":3358720}
    perfdiag_test.go:291: PERF_PERSIST {"clients":40,"history":20000,"persist_index":56,"save_ms":17.98823,"snapshot_bytes":3356511,"wchar_delta":3356511,"write_bytes_delta":3358720}
    perfdiag_test.go:291: PERF_PERSIST {"clients":40,"history":20000,"persist_index":57,"save_ms":19.878672,"snapshot_bytes":3356566,"wchar_delta":3356574,"write_bytes_delta":3358720}
    perfdiag_test.go:291: PERF_PERSIST {"clients":40,"history":20000,"persist_index":58,"save_ms":21.058467,"snapshot_bytes":3356621,"wchar_delta":3356621,"write_bytes_delta":3358720}
    perfdiag_test.go:291: PERF_PERSIST {"clients":40,"history":20000,"persist_index":59,"save_ms":17.537038,"snapshot_bytes":3356676,"wchar_delta":3356676,"write_bytes_delta":3358720}
    perfdiag_test.go:291: PERF_PERSIST {"clients":40,"history":20000,"persist_index":60,"save_ms":22.297783,"snapshot_bytes":3356731,"wchar_delta":3356731,"write_bytes_delta":3358720}
    perfdiag_test.go:291: PERF_PERSIST {"clients":40,"history":20000,"persist_index":61,"save_ms":21.575503,"snapshot_bytes":3356786,"wchar_delta":3356786,"write_bytes_delta":3358720}
    perfdiag_test.go:291: PERF_PERSIST {"clients":40,"history":20000,"persist_index":62,"save_ms":19.123682,"snapshot_bytes":3356841,"wchar_delta":3356841,"write_bytes_delta":3358720}
    perfdiag_test.go:291: PERF_PERSIST {"clients":40,"history":20000,"persist_index":63,"save_ms":18.895535,"snapshot_bytes":3356896,"wchar_delta":3356896,"write_bytes_delta":3358720}
    perfdiag_test.go:291: PERF_PERSIST {"clients":40,"history":20000,"persist_index":64,"save_ms":19.607125,"snapshot_bytes":3356951,"wchar_delta":3356951,"write_bytes_delta":3358720}
    perfdiag_test.go:291: PERF_PERSIST {"clients":40,"history":20000,"persist_index":65,"save_ms":27.974549,"snapshot_bytes":3357006,"wchar_delta":3357006,"write_bytes_delta":3358720}
    perfdiag_test.go:291: PERF_PERSIST {"clients":40,"history":20000,"persist_index":66,"save_ms":20.700809,"snapshot_bytes":3357061,"wchar_delta":3357061,"write_bytes_delta":3358720}
    perfdiag_test.go:291: PERF_PERSIST {"clients":40,"history":20000,"persist_index":67,"save_ms":17.307047,"snapshot_bytes":3357116,"wchar_delta":3357116,"write_bytes_delta":3358720}
    perfdiag_test.go:291: PERF_PERSIST {"clients":40,"history":20000,"persist_index":68,"save_ms":18.988128,"snapshot_bytes":3357171,"wchar_delta":3357171,"write_bytes_delta":3358720}
    perfdiag_test.go:291: PERF_PERSIST {"clients":40,"history":20000,"persist_index":69,"save_ms":24.846845,"snapshot_bytes":3357226,"wchar_delta":3357226,"write_bytes_delta":3358720}
    perfdiag_test.go:291: PERF_PERSIST {"clients":40,"history":20000,"persist_index":70,"save_ms":22.223504,"snapshot_bytes":3357281,"wchar_delta":3357281,"write_bytes_delta":3358720}
    perfdiag_test.go:291: PERF_PERSIST {"clients":40,"history":20000,"persist_index":71,"save_ms":20.69117,"snapshot_bytes":3357336,"wchar_delta":3357336,"write_bytes_delta":3358720}
    perfdiag_test.go:291: PERF_PERSIST {"clients":40,"history":20000,"persist_index":72,"save_ms":20.929796,"snapshot_bytes":3357391,"wchar_delta":3357391,"write_bytes_delta":3358720}
    perfdiag_test.go:291: PERF_PERSIST {"clients":40,"history":20000,"persist_index":73,"save_ms":24.385563,"snapshot_bytes":3357446,"wchar_delta":3357446,"write_bytes_delta":3358720}
    perfdiag_test.go:291: PERF_PERSIST {"clients":40,"history":20000,"persist_index":74,"save_ms":28.20503,"snapshot_bytes":3357501,"wchar_delta":3357501,"write_bytes_delta":3358720}
    perfdiag_test.go:291: PERF_PERSIST {"clients":40,"history":20000,"persist_index":75,"save_ms":18.28261,"snapshot_bytes":3357556,"wchar_delta":3357556,"write_bytes_delta":3358720}
    perfdiag_test.go:291: PERF_PERSIST {"clients":40,"history":20000,"persist_index":76,"save_ms":21.955042,"snapshot_bytes":3357611,"wchar_delta":3357611,"write_bytes_delta":3358720}
    perfdiag_test.go:291: PERF_PERSIST {"clients":40,"history":20000,"persist_index":77,"save_ms":17.350339,"snapshot_bytes":3357666,"wchar_delta":3357666,"write_bytes_delta":3358720}
    perfdiag_test.go:291: PERF_PERSIST {"clients":40,"history":20000,"persist_index":78,"save_ms":21.759307,"snapshot_bytes":3357721,"wchar_delta":3357721,"write_bytes_delta":3358720}
    perfdiag_test.go:291: PERF_PERSIST {"clients":40,"history":20000,"persist_index":79,"save_ms":23.558819,"snapshot_bytes":3357776,"wchar_delta":3357776,"write_bytes_delta":3358720}
    perfdiag_test.go:291: PERF_PERSIST {"clients":40,"history":20000,"persist_index":80,"save_ms":20.924096,"snapshot_bytes":3357831,"wchar_delta":3357831,"write_bytes_delta":3358720}
    perfdiag_test.go:291: PERF_PERSIST {"clients":40,"history":20000,"persist_index":81,"save_ms":24.603401,"snapshot_bytes":3357886,"wchar_delta":3357886,"write_bytes_delta":3358720}
    perfdiag_test.go:291: PERF_PERSIST {"clients":40,"history":20000,"persist_index":82,"save_ms":17.220405,"snapshot_bytes":3357941,"wchar_delta":3357941,"write_bytes_delta":3358720}
    perfdiag_test.go:291: PERF_PERSIST {"clients":40,"history":20000,"persist_index":83,"save_ms":22.113569,"snapshot_bytes":3357941,"wchar_delta":3357941,"write_bytes_delta":3358720}
    perfdiag_test.go:291: PERF_PERSIST {"clients":40,"history":20000,"persist_index":84,"save_ms":20.555808,"snapshot_bytes":3357996,"wchar_delta":3357996,"write_bytes_delta":3358720}
    perfdiag_test.go:291: PERF_PERSIST {"clients":40,"history":20000,"persist_index":85,"save_ms":17.327155,"snapshot_bytes":3358051,"wchar_delta":3358051,"write_bytes_delta":3358720}
    perfdiag_test.go:291: PERF_PERSIST {"clients":40,"history":20000,"persist_index":86,"save_ms":22.933941,"snapshot_bytes":3358106,"wchar_delta":3358106,"write_bytes_delta":3358720}
    perfdiag_test.go:291: PERF_PERSIST {"clients":40,"history":20000,"persist_index":87,"save_ms":20.878872,"snapshot_bytes":3358161,"wchar_delta":3358161,"write_bytes_delta":3358720}
    perfdiag_test.go:291: PERF_PERSIST {"clients":40,"history":20000,"persist_index":88,"save_ms":17.534533,"snapshot_bytes":3358216,"wchar_delta":3358216,"write_bytes_delta":3358720}
    perfdiag_test.go:291: PERF_PERSIST {"clients":40,"history":20000,"persist_index":89,"save_ms":21.544104,"snapshot_bytes":3358271,"wchar_delta":3358271,"write_bytes_delta":3358720}
    perfdiag_test.go:291: PERF_PERSIST {"clients":40,"history":20000,"persist_index":90,"save_ms":20.595551,"snapshot_bytes":3358326,"wchar_delta":3358326,"write_bytes_delta":3358720}
    perfdiag_test.go:291: PERF_PERSIST {"clients":40,"history":20000,"persist_index":91,"save_ms":17.220837,"snapshot_bytes":3358381,"wchar_delta":3358381,"write_bytes_delta":3358720}
    perfdiag_test.go:291: PERF_PERSIST {"clients":40,"history":20000,"persist_index":92,"save_ms":21.687863,"snapshot_bytes":3358436,"wchar_delta":3358436,"write_bytes_delta":3358720}
    perfdiag_test.go:291: PERF_PERSIST {"clients":40,"history":20000,"persist_index":93,"save_ms":17.306306,"snapshot_bytes":3358491,"wchar_delta":3358491,"write_bytes_delta":3358720}
    perfdiag_test.go:291: PERF_PERSIST {"clients":40,"history":20000,"persist_index":94,"save_ms":21.499682,"snapshot_bytes":3358546,"wchar_delta":3358546,"write_bytes_delta":3358720}
    perfdiag_test.go:291: PERF_PERSIST {"clients":40,"history":20000,"persist_index":95,"save_ms":20.422708,"snapshot_bytes":3358601,"wchar_delta":3358601,"write_bytes_delta":3358720}
    perfdiag_test.go:291: PERF_PERSIST {"clients":40,"history":20000,"persist_index":96,"save_ms":17.833993,"snapshot_bytes":3358656,"wchar_delta":3358656,"write_bytes_delta":3358720}
    perfdiag_test.go:291: PERF_PERSIST {"clients":40,"history":20000,"persist_index":97,"save_ms":26.872671,"snapshot_bytes":3358711,"wchar_delta":3358711,"write_bytes_delta":3358720}
    perfdiag_test.go:291: PERF_PERSIST {"clients":40,"history":20000,"persist_index":98,"save_ms":23.883606,"snapshot_bytes":3358766,"wchar_delta":3358766,"write_bytes_delta":3362816}
    perfdiag_test.go:291: PERF_PERSIST {"clients":40,"history":20000,"persist_index":99,"save_ms":17.639608,"snapshot_bytes":3358821,"wchar_delta":3358821,"write_bytes_delta":3362816}
    perfdiag_test.go:291: PERF_PERSIST {"clients":40,"history":20000,"persist_index":100,"save_ms":20.231111,"snapshot_bytes":3358876,"wchar_delta":3358876,"write_bytes_delta":3362816}
    perfdiag_test.go:291: PERF_PERSIST {"clients":40,"history":20000,"persist_index":101,"save_ms":23.68266,"snapshot_bytes":3358931,"wchar_delta":3358931,"write_bytes_delta":3362816}
    perfdiag_test.go:291: PERF_PERSIST {"clients":40,"history":20000,"persist_index":102,"save_ms":21.405355,"snapshot_bytes":3358986,"wchar_delta":3358986,"write_bytes_delta":3362816}
    perfdiag_test.go:291: PERF_PERSIST {"clients":40,"history":20000,"persist_index":103,"save_ms":23.759493,"snapshot_bytes":3359041,"wchar_delta":3359041,"write_bytes_delta":3362816}
    perfdiag_test.go:291: PERF_PERSIST {"clients":40,"history":20000,"persist_index":104,"save_ms":31.955969,"snapshot_bytes":3359096,"wchar_delta":3359096,"write_bytes_delta":3362816}
    perfdiag_test.go:291: PERF_PERSIST {"clients":40,"history":20000,"persist_index":105,"save_ms":30.953385,"snapshot_bytes":3359151,"wchar_delta":3359151,"write_bytes_delta":3362816}
    perfdiag_test.go:291: PERF_PERSIST {"clients":40,"history":20000,"persist_index":106,"save_ms":24.177896,"snapshot_bytes":3359206,"wchar_delta":3359206,"write_bytes_delta":3362816}
    perfdiag_test.go:291: PERF_PERSIST {"clients":40,"history":20000,"persist_index":107,"save_ms":27.314937,"snapshot_bytes":3359261,"wchar_delta":3359261,"write_bytes_delta":3362816}
    perfdiag_test.go:291: PERF_PERSIST {"clients":40,"history":20000,"persist_index":108,"save_ms":22.445198,"snapshot_bytes":3359316,"wchar_delta":3359316,"write_bytes_delta":3362816}
    perfdiag_test.go:291: PERF_PERSIST {"clients":40,"history":20000,"persist_index":109,"save_ms":20.099144,"snapshot_bytes":3359371,"wchar_delta":3359371,"write_bytes_delta":3362816}
    perfdiag_test.go:291: PERF_PERSIST {"clients":40,"history":20000,"persist_index":110,"save_ms":28.723218,"snapshot_bytes":3359426,"wchar_delta":3359426,"write_bytes_delta":3362816}
    perfdiag_test.go:291: PERF_PERSIST {"clients":40,"history":20000,"persist_index":111,"save_ms":19.960805,"snapshot_bytes":3359481,"wchar_delta":3359481,"write_bytes_delta":3362816}
    perfdiag_test.go:291: PERF_PERSIST {"clients":40,"history":20000,"persist_index":112,"save_ms":23.335421,"snapshot_bytes":3359536,"wchar_delta":3359536,"write_bytes_delta":3362816}
    perfdiag_test.go:291: PERF_PERSIST {"clients":40,"history":20000,"persist_index":113,"save_ms":20.804462,"snapshot_bytes":3359591,"wchar_delta":3359591,"write_bytes_delta":3362816}
    perfdiag_test.go:291: PERF_PERSIST {"clients":40,"history":20000,"persist_index":114,"save_ms":17.244661,"snapshot_bytes":3359646,"wchar_delta":3359646,"write_bytes_delta":3362816}
    perfdiag_test.go:291: PERF_PERSIST {"clients":40,"history":20000,"persist_index":115,"save_ms":21.117968,"snapshot_bytes":3359701,"wchar_delta":3359701,"write_bytes_delta":3362816}
    perfdiag_test.go:291: PERF_PERSIST {"clients":40,"history":20000,"persist_index":116,"save_ms":17.572123,"snapshot_bytes":3359756,"wchar_delta":3359756,"write_bytes_delta":3362816}
    perfdiag_test.go:291: PERF_PERSIST {"clients":40,"history":20000,"persist_index":117,"save_ms":21.73419,"snapshot_bytes":3359811,"wchar_delta":3359811,"write_bytes_delta":3362816}
    perfdiag_test.go:291: PERF_PERSIST {"clients":40,"history":20000,"persist_index":118,"save_ms":17.496362,"snapshot_bytes":3359866,"wchar_delta":3359866,"write_bytes_delta":3362816}
    perfdiag_test.go:291: PERF_PERSIST {"clients":40,"history":20000,"persist_index":119,"save_ms":21.766029,"snapshot_bytes":3359921,"wchar_delta":3359921,"write_bytes_delta":3362816}
    perfdiag_test.go:291: PERF_PERSIST {"clients":40,"history":20000,"persist_index":120,"save_ms":17.041662,"snapshot_bytes":3359976,"wchar_delta":3359976,"write_bytes_delta":3362816}
    perfdiag_test.go:291: PERF_PERSIST {"clients":40,"history":20000,"persist_index":121,"save_ms":22.581603,"snapshot_bytes":3360031,"wchar_delta":3360031,"write_bytes_delta":3362816}
    perfdiag_test.go:291: PERF_PERSIST {"clients":40,"history":20000,"persist_index":122,"save_ms":16.865332,"snapshot_bytes":3360086,"wchar_delta":3360086,"write_bytes_delta":3362816}
    perfdiag_test.go:291: PERF_PERSIST {"clients":40,"history":20000,"persist_index":123,"save_ms":21.211282,"snapshot_bytes":3360086,"wchar_delta":3360086,"write_bytes_delta":3362816}
    perfdiag_test.go:291: PERF_PERSIST {"clients":40,"history":20000,"persist_index":124,"save_ms":16.870212,"snapshot_bytes":3360086,"wchar_delta":3360086,"write_bytes_delta":3362816}
    perfdiag_test.go:291: PERF_PERSIST {"clients":40,"history":20000,"persist_index":125,"save_ms":23.035661,"snapshot_bytes":3360086,"wchar_delta":3360086,"write_bytes_delta":3362816}
    perfdiag_test.go:291: PERF_PERSIST {"clients":40,"history":20000,"persist_index":126,"save_ms":23.916067,"snapshot_bytes":3360086,"wchar_delta":3360086,"write_bytes_delta":3362816}
    perfdiag_test.go:291: PERF_PERSIST {"clients":40,"history":20000,"persist_index":127,"save_ms":21.93221,"snapshot_bytes":3360086,"wchar_delta":3360086,"write_bytes_delta":3362816}
    perfdiag_test.go:291: PERF_PERSIST {"clients":40,"history":20000,"persist_index":128,"save_ms":16.704532,"snapshot_bytes":3360086,"wchar_delta":3360086,"write_bytes_delta":3362816}
    perfdiag_test.go:291: PERF_PERSIST {"clients":40,"history":20000,"persist_index":129,"save_ms":21.545577,"snapshot_bytes":3360086,"wchar_delta":3360086,"write_bytes_delta":3362816}
    perfdiag_test.go:291: PERF_PERSIST {"clients":40,"history":20000,"persist_index":130,"save_ms":17.06757,"snapshot_bytes":3360086,"wchar_delta":3360086,"write_bytes_delta":3362816}
    perfdiag_test.go:291: PERF_PERSIST {"clients":40,"history":20000,"persist_index":131,"save_ms":19.49195,"snapshot_bytes":3360086,"wchar_delta":3360086,"write_bytes_delta":3362816}
    perfdiag_test.go:291: PERF_PERSIST {"clients":40,"history":20000,"persist_index":132,"save_ms":20.568612,"snapshot_bytes":3360086,"wchar_delta":3360086,"write_bytes_delta":3362816}
    perfdiag_test.go:291: PERF_PERSIST {"clients":40,"history":20000,"persist_index":133,"save_ms":16.936675,"snapshot_bytes":3360086,"wchar_delta":3360086,"write_bytes_delta":3362816}
    perfdiag_test.go:291: PERF_PERSIST {"clients":40,"history":20000,"persist_index":134,"save_ms":21.75607,"snapshot_bytes":3360086,"wchar_delta":3360086,"write_bytes_delta":3362816}
    perfdiag_test.go:291: PERF_PERSIST {"clients":40,"history":20000,"persist_index":135,"save_ms":17.310243,"snapshot_bytes":3360086,"wchar_delta":3360086,"write_bytes_delta":3362816}
    perfdiag_test.go:291: PERF_PERSIST {"clients":40,"history":20000,"persist_index":136,"save_ms":21.994476,"snapshot_bytes":3360086,"wchar_delta":3360086,"write_bytes_delta":3362816}
    perfdiag_test.go:291: PERF_PERSIST {"clients":40,"history":20000,"persist_index":137,"save_ms":27.25258,"snapshot_bytes":3360086,"wchar_delta":3360086,"write_bytes_delta":3362816}
    perfdiag_test.go:291: PERF_PERSIST {"clients":40,"history":20000,"persist_index":138,"save_ms":19.623696,"snapshot_bytes":3360086,"wchar_delta":3360086,"write_bytes_delta":3362816}
    perfdiag_test.go:291: PERF_PERSIST {"clients":40,"history":20000,"persist_index":139,"save_ms":21.063176,"snapshot_bytes":3360086,"wchar_delta":3360086,"write_bytes_delta":3362816}
    perfdiag_test.go:291: PERF_PERSIST {"clients":40,"history":20000,"persist_index":140,"save_ms":21.420062,"snapshot_bytes":3360086,"wchar_delta":3360086,"write_bytes_delta":3362816}
    perfdiag_test.go:291: PERF_PERSIST {"clients":40,"history":20000,"persist_index":141,"save_ms":31.176653,"snapshot_bytes":3360086,"wchar_delta":3360086,"write_bytes_delta":3362816}
    perfdiag_test.go:291: PERF_PERSIST {"clients":40,"history":20000,"persist_index":142,"save_ms":18.583602,"snapshot_bytes":3360086,"wchar_delta":3360086,"write_bytes_delta":3362816}
    perfdiag_test.go:291: PERF_PERSIST {"clients":40,"history":20000,"persist_index":143,"save_ms":20.213678,"snapshot_bytes":3360086,"wchar_delta":3360086,"write_bytes_delta":3362816}
    perfdiag_test.go:291: PERF_PERSIST {"clients":40,"history":20000,"persist_index":144,"save_ms":17.817362,"snapshot_bytes":3360086,"wchar_delta":3360086,"write_bytes_delta":3362816}
    perfdiag_test.go:291: PERF_PERSIST {"clients":40,"history":20000,"persist_index":145,"save_ms":18.118724,"snapshot_bytes":3360086,"wchar_delta":3360086,"write_bytes_delta":3362816}
    perfdiag_test.go:291: PERF_PERSIST {"clients":40,"history":20000,"persist_index":146,"save_ms":18.968491,"snapshot_bytes":3360086,"wchar_delta":3360086,"write_bytes_delta":3362816}
    perfdiag_test.go:291: PERF_PERSIST {"clients":40,"history":20000,"persist_index":147,"save_ms":17.019991,"snapshot_bytes":3360086,"wchar_delta":3360086,"write_bytes_delta":3362816}
    perfdiag_test.go:291: PERF_PERSIST {"clients":40,"history":20000,"persist_index":148,"save_ms":19.406902,"snapshot_bytes":3360086,"wchar_delta":3360086,"write_bytes_delta":3362816}
    perfdiag_test.go:291: PERF_PERSIST {"clients":40,"history":20000,"persist_index":149,"save_ms":18.432811,"snapshot_bytes":3360086,"wchar_delta":3360086,"write_bytes_delta":3362816}
    perfdiag_test.go:291: PERF_PERSIST {"clients":40,"history":20000,"persist_index":150,"save_ms":17.088289,"snapshot_bytes":3360086,"wchar_delta":3360086,"write_bytes_delta":3362816}
    perfdiag_test.go:291: PERF_PERSIST {"clients":40,"history":20000,"persist_index":151,"save_ms":17.830826,"snapshot_bytes":3360086,"wchar_delta":3360086,"write_bytes_delta":3362816}
    perfdiag_test.go:291: PERF_PERSIST {"clients":40,"history":20000,"persist_index":152,"save_ms":17.300145,"snapshot_bytes":3360086,"wchar_delta":3360086,"write_bytes_delta":3362816}
    perfdiag_test.go:291: PERF_PERSIST {"clients":40,"history":20000,"persist_index":153,"save_ms":19.095419,"snapshot_bytes":3360086,"wchar_delta":3360086,"write_bytes_delta":3362816}
    perfdiag_test.go:291: PERF_PERSIST {"clients":40,"history":20000,"persist_index":154,"save_ms":16.863929,"snapshot_bytes":3360086,"wchar_delta":3360086,"write_bytes_delta":3362816}
    perfdiag_test.go:291: PERF_PERSIST {"clients":40,"history":20000,"persist_index":155,"save_ms":20.459037,"snapshot_bytes":3360086,"wchar_delta":3360086,"write_bytes_delta":3362816}
    perfdiag_test.go:291: PERF_PERSIST {"clients":40,"history":20000,"persist_index":156,"save_ms":18.414857,"snapshot_bytes":3360086,"wchar_delta":3360086,"write_bytes_delta":3362816}
    perfdiag_test.go:291: PERF_PERSIST {"clients":40,"history":20000,"persist_index":157,"save_ms":18.712433,"snapshot_bytes":3360086,"wchar_delta":3360086,"write_bytes_delta":3362816}
    perfdiag_test.go:291: PERF_PERSIST {"clients":40,"history":20000,"persist_index":158,"save_ms":18.126018,"snapshot_bytes":3360086,"wchar_delta":3360086,"write_bytes_delta":3362816}
    perfdiag_test.go:291: PERF_PERSIST {"clients":40,"history":20000,"persist_index":159,"save_ms":17.841927,"snapshot_bytes":3360086,"wchar_delta":3360086,"write_bytes_delta":3362816}
    perfdiag_test.go:291: PERF_IO_SUMMARY {"bytes_per_persist":3357518.35625,"clients":40,"elapsed_seconds":3.337519413,"emitted_to_net_file_growth_ratio":55726.44574688797,"final_file_bytes":3360086,"history":20000,"initial_file_bytes":3350446,"net_file_growth_bytes":9640,"persist_calls":160,"persist_per_request":1,"persist_per_second":47.939796058348804,"proc_io_available":true,"ratio_denominator":"net snapshot file growth, not logical mutation bytes","snapshot_emitted_bytes":537202937,"wchar_delta":537202953,"write_bytes_delta":537559040,"write_bytes_per_second":161065442.16826102}
    perfdiag_test.go:292: PERF_SUMMARY {"audit_count":20080,"clients":40,"elapsed_seconds":3.337519413,"failures":0,"goroutines_after":4,"goroutines_before":44,"goroutines_delta":-40,"heap_after_bytes":16254160,"heap_before_bytes":10144320,"heap_delta_bytes":6109840,"history":20000,"max_ms":883.71005,"numgc_delta":96,"p50_ms":834.042678,"p95_ms":870.562554,"p99_ms":883.018739,"pause_delta_ns":3501035,"polls":4,"rate_requests_per_second":47.939796058348804,"requests":160,"snapshot_bytes":3360086,"successes":160,"totalalloc_delta_bytes":823700848}
--- PASS: TestPerfHTTPActiveHistoryMatrix (3.44s)
    --- PASS: TestPerfHTTPActiveHistoryMatrix/history_20000/clients_40 (3.44s)
PASS
